Component: Arm Compiler for Embedded 6.22 Tool: armlink [5ee90200]

==============================================================================

Section Cross References

    ads8864.o(.text.Mean_filter) refers to ads8864.o(.bss.adc_rawdata) for adc_rawdata
    ads8864.o(.text.Mean_filter) refers to ads8864.o(.bss.adc_mean) for adc_mean
    ads8864.o(.text.Mean_filter) refers to statisticsfunctions.o(.text.arm_mean_q31) for arm_mean_q31
    ads8864.o(.ARM.exidx.text.Mean_filter) refers to ads8864.o(.text.Mean_filter) for [Anonymous Symbol]
    ads8864.o(.text.ADS8864_ReadValue) refers to ads8864.o(.bss.adc_data) for adc_data
    ads8864.o(.text.ADS8864_ReadValue) refers to spi.o(.bss.hspi2) for hspi2
    ads8864.o(.text.ADS8864_ReadValue) refers to stm32f3xx_hal_spi.o(.text.HAL_SPI_Receive) for HAL_SPI_Receive
    ads8864.o(.text.ADS8864_ReadValue) refers to ads8864.o(.bss.adc_counter) for adc_counter
    ads8864.o(.text.ADS8864_ReadValue) refers to ads8864.o(.bss.adc_rawdata) for adc_rawdata
    ads8864.o(.ARM.exidx.text.ADS8864_ReadValue) refers to ads8864.o(.text.ADS8864_ReadValue) for [Anonymous Symbol]
    ads8864.o(.text.ads8864_Init) refers to stm32f3xx_ll_utils.o(.text.LL_mDelay) for LL_mDelay
    ads8864.o(.ARM.exidx.text.ads8864_Init) refers to ads8864.o(.text.ads8864_Init) for [Anonymous Symbol]
    can_bsp.o(.text.CAN_Init) refers to can.o(.bss.hcan) for hcan
    can_bsp.o(.text.CAN_Init) refers to stm32f3xx_hal_can.o(.text.HAL_CAN_ConfigFilter) for HAL_CAN_ConfigFilter
    can_bsp.o(.text.CAN_Init) refers to stm32f3xx_hal_can.o(.text.HAL_CAN_Start) for HAL_CAN_Start
    can_bsp.o(.ARM.exidx.text.CAN_Init) refers to can_bsp.o(.text.CAN_Init) for [Anonymous Symbol]
    can_bsp.o(.text.CAN_SendData) refers to stm32f3xx_hal_can.o(.text.HAL_CAN_GetTxMailboxesFreeLevel) for HAL_CAN_GetTxMailboxesFreeLevel
    can_bsp.o(.text.CAN_SendData) refers to stm32f3xx_hal_can.o(.text.HAL_CAN_AddTxMessage) for HAL_CAN_AddTxMessage
    can_bsp.o(.ARM.exidx.text.CAN_SendData) refers to can_bsp.o(.text.CAN_SendData) for [Anonymous Symbol]
    oled.o(.text.oled_full) refers to i2c.o(.bss.hi2c1) for hi2c1
    oled.o(.text.oled_full) refers to stm32f3xx_hal_i2c.o(.text.HAL_I2C_Mem_Write) for HAL_I2C_Mem_Write
    oled.o(.ARM.exidx.text.oled_full) refers to oled.o(.text.oled_full) for [Anonymous Symbol]
    oled.o(.text.oled_clear) refers to oled.o(.text.oled_full) for oled_full
    oled.o(.ARM.exidx.text.oled_clear) refers to oled.o(.text.oled_clear) for [Anonymous Symbol]
    oled.o(.text.oled_init) refers to stm32f3xx_hal.o(.text.HAL_Delay) for HAL_Delay
    oled.o(.text.oled_init) refers to i2c.o(.bss.hi2c1) for hi2c1
    oled.o(.text.oled_init) refers to stm32f3xx_hal_i2c.o(.text.HAL_I2C_Mem_Write) for HAL_I2C_Mem_Write
    oled.o(.text.oled_init) refers to oled.o(.text.oled_full) for oled_full
    oled.o(.ARM.exidx.text.oled_init) refers to oled.o(.text.oled_init) for [Anonymous Symbol]
    oled.o(.text.oled_show_char) refers to i2c.o(.bss.hi2c1) for hi2c1
    oled.o(.text.oled_show_char) refers to stm32f3xx_hal_i2c.o(.text.HAL_I2C_Mem_Write) for HAL_I2C_Mem_Write
    oled.o(.text.oled_show_char) refers to oled.o(.rodata.F8X16) for F8X16
    oled.o(.text.oled_show_char) refers to oled.o(.rodata.F6x8) for F6x8
    oled.o(.ARM.exidx.text.oled_show_char) refers to oled.o(.text.oled_show_char) for [Anonymous Symbol]
    oled.o(.text.oled_show_string) refers to i2c.o(.bss.hi2c1) for hi2c1
    oled.o(.text.oled_show_string) refers to stm32f3xx_hal_i2c.o(.text.HAL_I2C_Mem_Write) for HAL_I2C_Mem_Write
    oled.o(.text.oled_show_string) refers to oled.o(.rodata.F8X16) for F8X16
    oled.o(.text.oled_show_string) refers to oled.o(.rodata.F6x8) for F6x8
    oled.o(.ARM.exidx.text.oled_show_string) refers to oled.o(.text.oled_show_string) for [Anonymous Symbol]
    oled.o(.text.oled_show_chinese) refers to i2c.o(.bss.hi2c1) for hi2c1
    oled.o(.text.oled_show_chinese) refers to stm32f3xx_hal_i2c.o(.text.HAL_I2C_Mem_Write) for HAL_I2C_Mem_Write
    oled.o(.text.oled_show_chinese) refers to oled.o(.data.Hzk) for Hzk
    oled.o(.ARM.exidx.text.oled_show_chinese) refers to oled.o(.text.oled_show_chinese) for [Anonymous Symbol]
    oled.o(.text.oled_show_bmp) refers to i2c.o(.bss.hi2c1) for hi2c1
    oled.o(.text.oled_show_bmp) refers to stm32f3xx_hal_i2c.o(.text.HAL_I2C_Mem_Write) for HAL_I2C_Mem_Write
    oled.o(.ARM.exidx.text.oled_show_bmp) refers to oled.o(.text.oled_show_bmp) for [Anonymous Symbol]
    oled.o(.text.oled_show_info) refers to oled.o(.text.oled_show_string) for oled_show_string
    oled.o(.ARM.exidx.text.oled_show_info) refers to oled.o(.text.oled_show_info) for [Anonymous Symbol]
    oled.o(.text.oled_show_init) refers to oled.o(.text.oled_full) for oled_full
    oled.o(.text.oled_show_init) refers to oled.o(.data.oled_show_init.Menu) for oled_show_init.Menu
    oled.o(.text.oled_show_init) refers to oled.o(.text.oled_show_string) for oled_show_string
[...]
    Removing transformfunctionsf16.o(.text.arm_radix2_butterfly_f16), (678 bytes).
    Removing transformfunctionsf16.o(.ARM.exidx.text.arm_radix2_butterfly_f16), (8 bytes).
    Removing transformfunctionsf16.o(.text.arm_bitreversal_f16), (162 bytes).
    Removing transformfunctionsf16.o(.ARM.exidx.text.arm_bitreversal_f16), (8 bytes).
    Removing transformfunctionsf16.o(.text.arm_cfft_radix4_f16), (66 bytes).
    Removing transformfunctionsf16.o(.ARM.exidx.text.arm_cfft_radix4_f16), (8 bytes).
    Removing transformfunctionsf16.o(.text.arm_radix4_butterfly_inverse_f16), (1946 bytes).
    Removing transformfunctionsf16.o(.ARM.exidx.text.arm_radix4_butterfly_inverse_f16), (8 bytes).
    Removing transformfunctionsf16.o(.text.arm_rfft_fast_init_32_f16), (52 bytes).
    Removing transformfunctionsf16.o(.ARM.exidx.text.arm_rfft_fast_init_32_f16), (8 bytes).
    Removing transformfunctionsf16.o(.text.arm_rfft_fast_init_64_f16), (52 bytes).
    Removing transformfunctionsf16.o(.ARM.exidx.text.arm_rfft_fast_init_64_f16), (8 bytes).
    Removing transformfunctionsf16.o(.text.arm_rfft_fast_init_128_f16), (52 bytes).
    Removing transformfunctionsf16.o(.ARM.exidx.text.arm_rfft_fast_init_128_f16), (8 bytes).
    Removing transformfunctionsf16.o(.text.arm_rfft_fast_init_256_f16), (54 bytes).
    Removing transformfunctionsf16.o(.ARM.exidx.text.arm_rfft_fast_init_256_f16), (8 bytes).
    Removing transformfunctionsf16.o(.text.arm_rfft_fast_init_512_f16), (56 bytes).
    Removing transformfunctionsf16.o(.ARM.exidx.text.arm_rfft_fast_init_512_f16), (8 bytes).
    Removing transformfunctionsf16.o(.text.arm_rfft_fast_init_1024_f16), (56 bytes).
    Removing transformfunctionsf16.o(.ARM.exidx.text.arm_rfft_fast_init_1024_f16), (8 bytes).
    Removing transformfunctionsf16.o(.text.arm_rfft_fast_init_2048_f16), (56 bytes).
    Removing transformfunctionsf16.o(.ARM.exidx.text.arm_rfft_fast_init_2048_f16), (8 bytes).
    Removing transformfunctionsf16.o(.text.arm_rfft_fast_init_4096_f16), (56 bytes).
    Removing transformfunctionsf16.o(.ARM.exidx.text.arm_rfft_fast_init_4096_f16), (8 bytes).
    Removing transformfunctionsf16.o(.text.arm_rfft_fast_init_f16), (388 bytes).
    Removing transformfunctionsf16.o(.ARM.exidx.text.arm_rfft_fast_init_f16), (8 bytes).
    Removing transformfunctionsf16.o(.text.arm_rfft_fast_f16), (722 bytes).
    Removing transformfunctionsf16.o(.ARM.exidx.text.arm_rfft_fast_f16), (8 bytes).
    Removing transformfunctionsf16.o(.text.arm_radix8_butterfly_f16), (2968 bytes).
    Removing transformfunctionsf16.o(.ARM.exidx.text.arm_radix8_butterfly_f16), (8 bytes).
    Removing transformfunctionsf16.o(.text.arm_mfcc_init_f16), (50 bytes).
    Removing transformfunctionsf16.o(.ARM.exidx.text.arm_mfcc_init_f16), (8 bytes).
    Removing transformfunctionsf16.o(.text.arm_mfcc_init_32_f16), (78 bytes).
    Removing transformfunctionsf16.o(.ARM.exidx.text.arm_mfcc_init_32_f16), (8 bytes).
    Removing transformfunctionsf16.o(.text.arm_mfcc_init_64_f16), (78 bytes).
    Removing transformfunctionsf16.o(.ARM.exidx.text.arm_mfcc_init_64_f16), (8 bytes).
    Removing transformfunctionsf16.o(.text.arm_mfcc_init_128_f16), (78 bytes).
    Removing transformfunctionsf16.o(.ARM.exidx.text.arm_mfcc_init_128_f16), (8 bytes).
    Removing transformfunctionsf16.o(.text.arm_mfcc_init_256_f16), (80 bytes).
    Removing transformfunctionsf16.o(.ARM.exidx.text.arm_mfcc_init_256_f16), (8 bytes).
    Removing transformfunctionsf16.o(.text.arm_mfcc_init_512_f16), (82 bytes).
    Removing transformfunctionsf16.o(.ARM.exidx.text.arm_mfcc_init_512_f16), (8 bytes).
    Removing transformfunctionsf16.o(.text.arm_mfcc_init_1024_f16), (82 bytes).
    Removing transformfunctionsf16.o(.ARM.exidx.text.arm_mfcc_init_1024_f16), (8 bytes).
    Removing transformfunctionsf16.o(.text.arm_mfcc_init_2048_f16), (82 bytes).
    Removing transformfunctionsf16.o(.ARM.exidx.text.arm_mfcc_init_2048_f16), (8 bytes).
    Removing transformfunctionsf16.o(.text.arm_mfcc_init_4096_f16), (82 bytes).
    Removing transformfunctionsf16.o(.ARM.exidx.text.arm_mfcc_init_4096_f16), (8 bytes).
    Removing transformfunctionsf16.o(.text.arm_mfcc_f16), (296 bytes).
    Removing transformfunctionsf16.o(.ARM.exidx.text.arm_mfcc_f16), (8 bytes).
    Removing transformfunctionsf16.o(.text.arm_cfft_radix2_init_f16), (232 bytes).
    Removing transformfunctionsf16.o(.ARM.exidx.text.arm_cfft_radix2_init_f16), (8 bytes).
    Removing transformfunctionsf16.o(.text.arm_cfft_radix4_init_f16), (148 bytes).
    Removing transformfunctionsf16.o(.ARM.exidx.text.arm_cfft_radix4_init_f16), (8 bytes).
    Removing windowfunctions.o(.text), (0 bytes).
    Removing windowfunctions.o(.text.arm_welch_f32), (74 bytes).
    Removing windowfunctions.o(.ARM.exidx.text.arm_welch_f32), (8 bytes).
    Removing windowfunctions.o(.text.arm_welch_f64), (200 bytes).
    Removing windowfunctions.o(.ARM.exidx.text.arm_welch_f64), (8 bytes).
    Removing windowfunctions.o(.text.arm_bartlett_f32), (78 bytes).
    Removing windowfunctions.o(.ARM.exidx.text.arm_bartlett_f32), (8 bytes).
    Removing windowfunctions.o(.text.arm_bartlett_f64), (200 bytes).
    Removing windowfunctions.o(.ARM.exidx.text.arm_bartlett_f64), (8 bytes).
    Removing windowfunctions.o(.text.arm_hamming_f32), (112 bytes).
    Removing windowfunctions.o(.ARM.exidx.text.arm_hamming_f32), (8 bytes).
    Removing windowfunctions.o(.text.arm_hamming_f64), (240 bytes).
    Removing windowfunctions.o(.ARM.exidx.text.arm_hamming_f64), (8 bytes).
    Removing windowfunctions.o(.text.arm_hanning_f32), (104 bytes).
    Removing windowfunctions.o(.ARM.exidx.text.arm_hanning_f32), (8 bytes).
    Removing windowfunctions.o(.text.arm_hanning_f64), (224 bytes).
    Removing windowfunctions.o(.ARM.exidx.text.arm_hanning_f64), (8 bytes).
    Removing windowfunctions.o(.text.arm_nuttall3_f32), (128 bytes).
    Removing windowfunctions.o(.ARM.exidx.text.arm_nuttall3_f32), (8 bytes).
    Removing windowfunctions.o(.text.arm_nuttall3_f64), (312 bytes).
    Removing windowfunctions.o(.ARM.exidx.text.arm_nuttall3_f64), (8 bytes).
    Removing windowfunctions.o(.text.arm_nuttall4_f32), (156 bytes).
    Removing windowfunctions.o(.ARM.exidx.text.arm_nuttall4_f32), (8 bytes).
    Removing windowfunctions.o(.text.arm_nuttall4_f64), (416 bytes).
    Removing windowfunctions.o(.ARM.exidx.text.arm_nuttall4_f64), (8 bytes).
    Removing windowfunctions.o(.text.arm_nuttall3a_f32), (136 bytes).
    Removing windowfunctions.o(.ARM.exidx.text.arm_nuttall3a_f32), (8 bytes).
    Removing windowfunctions.o(.text.arm_nuttall3a_f64), (312 bytes).
    Removing windowfunctions.o(.ARM.exidx.text.arm_nuttall3a_f64), (8 bytes).
    Removing windowfunctions.o(.text.arm_nuttall3b_f32), (140 bytes).
    Removing windowfunctions.o(.ARM.exidx.text.arm_nuttall3b_f32), (8 bytes).
    Removing windowfunctions.o(.text.arm_nuttall3b_f64), (312 bytes).
    Removing windowfunctions.o(.ARM.exidx.text.arm_nuttall3b_f64), (8 bytes).
    Removing windowfunctions.o(.text.arm_nuttall4a_f32), (168 bytes).
    Removing windowfunctions.o(.ARM.exidx.text.arm_nuttall4a_f32), (8 bytes).
    Removing windowfunctions.o(.text.arm_nuttall4a_f64), (416 bytes).
    Removing windowfunctions.o(.ARM.exidx.text.arm_nuttall4a_f64), (8 bytes).
    Removing windowfunctions.o(.text.arm_blackman_harris_92db_f32), (168 bytes).
    Removing windowfunctions.o(.ARM.exidx.text.arm_blackman_harris_92db_f32), (8 bytes).
    Removing windowfunctions.o(.text.arm_blackman_harris_92db_f64), (416 bytes).
    Removing windowfunctions.o(.ARM.exidx.text.arm_blackman_harris_92db_f64), (8 bytes).
    Removing windowfunctions.o(.text.arm_nuttall4b_f32), (168 bytes).
    Removing windowfunctions.o(.ARM.exidx.text.arm_nuttall4b_f32), (8 bytes).
    Removing windowfunctions.o(.text.arm_nuttall4b_f64), (416 bytes).
    Removing windowfunctions.o(.ARM.exidx.text.arm_nuttall4b_f64), (8 bytes).
    Removing windowfunctions.o(.text.arm_nuttall4c_f32), (168 bytes).
    Removing windowfunctions.o(.ARM.exidx.text.arm_nuttall4c_f32), (8 bytes).
    Removing windowfunctions.o(.text.arm_nuttall4c_f64), (416 bytes).
    Removing windowfunctions.o(.ARM.exidx.text.arm_nuttall4c_f64), (8 bytes).
    Removing windowfunctions.o(.text.arm_hft90d_f32), (192 bytes).
    Removing windowfunctions.o(.ARM.exidx.text.arm_hft90d_f32), (8 bytes).
    Removing windowfunctions.o(.text.arm_hft90d_f64), (456 bytes).
    Removing windowfunctions.o(.ARM.exidx.text.arm_hft90d_f64), (8 bytes).
    Removing windowfunctions.o(.text.arm_hft95_f32), (192 bytes).
    Removing windowfunctions.o(.ARM.exidx.text.arm_hft95_f32), (8 bytes).
    Removing windowfunctions.o(.text.arm_hft95_f64), (456 bytes).
    Removing windowfunctions.o(.ARM.exidx.text.arm_hft95_f64), (8 bytes).
    Removing windowfunctions.o(.text.arm_hft116d_f32), (220 bytes).
    Removing windowfunctions.o(.ARM.exidx.text.arm_hft116d_f32), (8 bytes).
    Removing windowfunctions.o(.text.arm_hft116d_f64), (528 bytes).
    Removing windowfunctions.o(.ARM.exidx.text.arm_hft116d_f64), (8 bytes).
    Removing windowfunctions.o(.text.arm_hft144d_f32), (248 bytes).
    Removing windowfunctions.o(.ARM.exidx.text.arm_hft144d_f32), (8 bytes).
    Removing windowfunctions.o(.text.arm_hft144d_f64), (592 bytes).
    Removing windowfunctions.o(.ARM.exidx.text.arm_hft144d_f64), (8 bytes).
    Removing windowfunctions.o(.text.arm_hft169d_f32), (276 bytes).
    Removing windowfunctions.o(.ARM.exidx.text.arm_hft169d_f32), (8 bytes).
    Removing windowfunctions.o(.text.arm_hft169d_f64), (664 bytes).
    Removing windowfunctions.o(.ARM.exidx.text.arm_hft169d_f64), (8 bytes).
    Removing windowfunctions.o(.text.arm_hft196d_f32), (304 bytes).
    Removing windowfunctions.o(.ARM.exidx.text.arm_hft196d_f32), (8 bytes).
    Removing windowfunctions.o(.text.arm_hft196d_f64), (728 bytes).
    Removing windowfunctions.o(.ARM.exidx.text.arm_hft196d_f64), (8 bytes).
    Removing windowfunctions.o(.text.arm_hft223d_f32), (332 bytes).
    Removing windowfunctions.o(.ARM.exidx.text.arm_hft223d_f32), (8 bytes).
    Removing windowfunctions.o(.text.arm_hft223d_f64), (800 bytes).
    Removing windowfunctions.o(.ARM.exidx.text.arm_hft223d_f64), (8 bytes).
    Removing windowfunctions.o(.text.arm_hft248d_f32), (360 bytes).
    Removing windowfunctions.o(.ARM.exidx.text.arm_hft248d_f32), (8 bytes).
    Removing windowfunctions.o(.text.arm_hft248d_f64), (864 bytes).
    Removing windowfunctions.o(.ARM.exidx.text.arm_hft248d_f64), (8 bytes).
    Removing dcmple.o(.text), (54 bytes).
    Removing dcmplt.o(.text), (54 bytes).
    Removing dcmpgt.o(.text), (54 bytes).
    Removing dcmpeq.o(.text), (56 bytes).
    Removing dflti.o(.text), (34 bytes).
    Removing dfltui.o(.text), (26 bytes).
    Removing dfixi.o(.text), (62 bytes).
    Removing dfixl.o(.text), (74 bytes).
    Removing d2f.o(.text), (56 bytes).
    Removing d2h.o(.text), (100 bytes).
    Removing fepilogue.o(.text), (110 bytes).
    Removing dneg.o(.text), (6 bytes).
    Removing dsqrt.o(.text), (162 bytes).
    Removing cdcmple.o(.text), (48 bytes).
    Removing fpstat.o(.text), (4 bytes).

3022 unused section(s) (total 1194962 bytes) removed from the image.

==============================================================================

Image Symbol Table

    Local Symbols

    Symbol Name                              Value     Ov Type        Size  Object(Section)

    ../clib/division.s                       0x00000000   Number         0  aeabi_sdiv.o ABSOLUTE
    ../clib/microlib/division.c              0x00000000   Number         0  uldiv.o ABSOLUTE
    ../clib/microlib/division.c              0x00000000   Number         0  ldiv.o ABSOLUTE
    ../clib/microlib/division.c              0x00000000   Number         0  uidiv.o ABSOLUTE
    ../clib/microlib/errno.c                 0x00000000   Number         0  errno.o ABSOLUTE
    ../clib/microlib/init/entry.s            0x00000000   Number         0  entry.o ABSOLUTE
    ../clib/microlib/init/entry.s            0x00000000   Number         0  entry2.o ABSOLUTE
    ../clib/microlib/init/entry.s            0x00000000   Number         0  entry5.o ABSOLUTE
    ../clib/microlib/init/entry.s            0x00000000   Number         0  entry7a.o ABSOLUTE
    ../clib/microlib/init/entry.s            0x00000000   Number         0  entry7b.o ABSOLUTE
    ../clib/microlib/init/entry.s            0x00000000   Number         0  entry8a.o ABSOLUTE
    ../clib/microlib/init/entry.s            0x00000000   Number         0  entry8b.o ABSOLUTE
    ../clib/microlib/init/entry.s            0x00000000   Number         0  entry9a.o ABSOLUTE
    ../clib/microlib/init/entry.s            0x00000000   Number         0  entry9b.o ABSOLUTE
    ../clib/microlib/init/entry.s            0x00000000   Number         0  entry10a.o ABSOLUTE
    ../clib/microlib/init/entry.s            0x00000000   Number         0  entry10b.o ABSOLUTE
    ../clib/microlib/init/entry.s            0x00000000   Number         0  entry11a.o ABSOLUTE
    ../clib/microlib/init/entry.s            0x00000000   Number         0  entry11b.o ABSOLUTE
    ../clib/microlib/longlong.c              0x00000000   Number         0  llshl.o ABSOLUTE
    ../clib/microlib/longlong.c              0x00000000   Number         0  llushr.o ABSOLUTE
    ../clib/microlib/longlong.c              0x00000000   Number         0  llsshr.o ABSOLUTE
    ../clib/microlib/printf/printf.c         0x00000000   Number         0  printfb.o ABSOLUTE
    ../clib/microlib/printf/printf.c         0x00000000   Number         0  printf0.o ABSOLUTE
    ../clib/microlib/printf/printf.c         0x00000000   Number         0  printf1.o ABSOLUTE
    ../clib/microlib/printf/printf.c         0x00000000   Number         0  printf2.o ABSOLUTE
    ../clib/microlib/printf/printf.c         0x00000000   Number         0  printf3.o ABSOLUTE
    ../clib/microlib/printf/printf.c         0x00000000   Number         0  printf4.o ABSOLUTE
    ../clib/microlib/printf/printf.c         0x00000000   Number         0  printf5.o ABSOLUTE
    ../clib/microlib/printf/printf.c         0x00000000   Number         0  printf6.o ABSOLUTE
    ../clib/microlib/printf/printf.c         0x00000000   Number         0  printf7.o ABSOLUTE
    ../clib/microlib/printf/printf.c         0x00000000   Number         0  printf8.o ABSOLUTE
    ../clib/microlib/printf/printf.c         0x00000000   Number         0  printfa.o ABSOLUTE
    ../clib/microlib/printf/stubs.s          0x00000000   Number         0  printfstubs.o ABSOLUTE
    ../clib/microlib/stdio/streams.c         0x00000000   Number         0  stdout.o ABSOLUTE
    ../clib/microlib/string/memcpy.c         0x00000000   Number         0  memcpya.o ABSOLUTE
    ../clib/microlib/string/memcpy.c         0x00000000   Number         0  memcpyb.o ABSOLUTE
    ../clib/microlib/string/memset.c         0x00000000   Number         0  memseta.o ABSOLUTE
    ../clib/microlib/string/strlen.c         0x00000000   Number         0  strlen.o ABSOLUTE
    ../clib/microlib/stubs.s                 0x00000000   Number         0  iusefp.o ABSOLUTE
    ../fplib/microlib/d2f.c                  0x00000000   Number         0  d2f.o ABSOLUTE
    ../fplib/microlib/d2h.c                  0x00000000   Number         0  d2h.o ABSOLUTE
    ../fplib/microlib/f2d.c                  0x00000000   Number         0  f2d.o ABSOLUTE
    ../fplib/microlib/fpadd.c                0x00000000   Number         0  dadd.o ABSOLUTE
    ../fplib/microlib/fpcmp.c                0x00000000   Number         0  dcmple.o ABSOLUTE
    ../fplib/microlib/fpcmp.c                0x00000000   Number         0  dcmplt.o ABSOLUTE
    ../fplib/microlib/fpcmp.c                0x00000000   Number         0  dcmpgt.o ABSOLUTE
    ../fplib/microlib/fpcmp.c                0x00000000   Number         0  dcmpeq.o ABSOLUTE
    ../fplib/microlib/fpdiv.c                0x00000000   Number         0  ddiv.o ABSOLUTE
    ../fplib/microlib/fpepilogue.c           0x00000000   Number         0  fepilogue.o ABSOLUTE
    ../fplib/microlib/fpepilogue.c           0x00000000   Number         0  depilogue.o ABSOLUTE
    ../fplib/microlib/fpfix.c                0x00000000   Number         0  dfixi.o ABSOLUTE
    ../fplib/microlib/fpfix.c                0x00000000   Number         0  dfixl.o ABSOLUTE
    ../fplib/microlib/fpfix.c                0x00000000   Number         0  dfixul.o ABSOLUTE
    ../fplib/microlib/fpflt.c                0x00000000   Number         0  dflti.o ABSOLUTE
    ../fplib/microlib/fpflt.c                0x00000000   Number         0  dfltui.o ABSOLUTE
    ../fplib/microlib/fpmul.c                0x00000000   Number         0  dmul.o ABSOLUTE
    ../fplib/microlib/fpneg.c                0x00000000   Number         0  dneg.o ABSOLUTE
    ../fplib/microlib/fpsqrt.c               0x00000000   Number         0  dsqrt.o ABSOLUTE
    ../fplib/microlib/fpstat.c               0x00000000   Number         0  fpstat.o ABSOLUTE
    ../mathlib/cos.c                         0x00000000   Number         0  cos.o ABSOLUTE
    ../mathlib/cos_i.c                       0x00000000   Number         0  cos_i.o ABSOLUTE
    ../mathlib/cosf.c                        0x00000000   Number         0  cosf.o ABSOLUTE
    ../mathlib/dunder.c                      0x00000000   Number         0  dunder.o ABSOLUTE
    ../mathlib/exp.c                         0x00000000   Number         0  exp.o ABSOLUTE
    ../mathlib/expf.c                        0x00000000   Number         0  expf.o ABSOLUTE
    ../mathlib/fabs.c                        0x00000000   Number         0  fabs.o ABSOLUTE
    ../mathlib/floorf.c                      0x00000000   Number         0  floorf.o ABSOLUTE
    ../mathlib/fpclassify.c                  0x00000000   Number         0  fpclassify.o ABSOLUTE
    ../mathlib/fpclassifyf.c                 0x00000000   Number         0  fpclassifyf.o ABSOLUTE
    ../mathlib/funder.c                      0x00000000   Number         0  funder.o ABSOLUTE
    ../mathlib/log.c                         0x00000000   Number         0  log.o ABSOLUTE
    ../mathlib/logf.c                        0x00000000   Number         0  logf.o ABSOLUTE
    ../mathlib/poly.c                        0x00000000   Number         0  poly.o ABSOLUTE
    ../mathlib/powf.c                        0x00000000   Number         0  powf.o ABSOLUTE
    ../mathlib/qnan.c                        0x00000000   Number         0  qnan.o ABSOLUTE
    ../mathlib/rred.c                        0x00000000   Number         0  rred.o ABSOLUTE
    ../mathlib/rredf.c                       0x00000000   Number         0  rredf.o ABSOLUTE
    ../mathlib/sin_i.c                       0x00000000   Number         0  sin_i.o ABSOLUTE
    ../mathlib/sqrt.c                        0x00000000   Number         0  sqrt.o ABSOLUTE
    ../mathlib/sqrtf.c                       0x00000000   Number         0  sqrtf.o ABSOLUTE
    ../mathlib/tanhf.c                       0x00000000   Number         0  tanhf.o ABSOLUTE
    BasicMathFunctions.c                     0x00000000   Number         0  basicmathfunctions.o ABSOLUTE
    BasicMathFunctionsF16.c                  0x00000000   Number         0  basicmathfunctionsf16.o ABSOLUTE
    BayesFunctions.c                         0x00000000   Number         0  bayesfunctions.o ABSOLUTE
    BayesFunctionsF16.c                      0x00000000   Number         0  bayesfunctionsf16.o ABSOLUTE
    CommonTables.c                           0x00000000   Number         0  commontables.o ABSOLUTE
    CommonTablesF16.c                        0x00000000   Number         0  commontablesf16.o ABSOLUTE
    ComplexMathFunctions.c                   0x00000000   Number         0  complexmathfunctions.o ABSOLUTE
    ComplexMathFunctionsF16.c                0x00000000   Number         0  complexmathfunctionsf16.o ABSOLUTE
    ControllerFunctions.c                    0x00000000   Number         0  controllerfunctions.o ABSOLUTE
    DistanceFunctions.c                      0x00000000   Number         0  distancefunctions.o ABSOLUTE
    DistanceFunctionsF16.c                   0x00000000   Number         0  distancefunctionsf16.o ABSOLUTE
    FastMathFunctions.c                      0x00000000   Number         0  fastmathfunctions.o ABSOLUTE
    FastMathFunctionsF16.c                   0x00000000   Number         0  fastmathfunctionsf16.o ABSOLUTE
    FilteringFunctions.c                     0x00000000   Number         0  filteringfunctions.o ABSOLUTE
    FilteringFunctionsF16.c                  0x00000000   Number         0  filteringfunctionsf16.o ABSOLUTE
    InterpolationFunctions.c                 0x00000000   Number         0  interpolationfunctions.o ABSOLUTE
    InterpolationFunctionsF16.c              0x00000000   Number         0  interpolationfunctionsf16.o ABSOLUTE
    MatrixFunctions.c                        0x00000000   Number         0  matrixfunctions.o ABSOLUTE
    MatrixFunctionsF16.c                     0x00000000   Number         0  matrixfunctionsf16.o ABSOLUTE
    QuaternionMathFunctions.c                0x00000000   Number         0  quaternionmathfunctions.o ABSOLUTE
    SVMFunctions.c                           0x00000000   Number         0  svmfunctions.o ABSOLUTE
    SVMFunctionsF16.c                        0x00000000   Number         0  svmfunctionsf16.o ABSOLUTE
    StatisticsFunctions.c                    0x00000000   Number         0  statisticsfunctions.o ABSOLUTE
    StatisticsFunctionsF16.c                 0x00000000   Number         0  statisticsfunctionsf16.o ABSOLUTE
    SupportFunctions.c                       0x00000000   Number         0  supportfunctions.o ABSOLUTE
    SupportFunctionsF16.c                    0x00000000   Number         0  supportfunctionsf16.o ABSOLUTE
    TransformFunctions.c                     0x00000000   Number         0  transformfunctions.o ABSOLUTE
    TransformFunctionsF16.c                  0x00000000   Number         0  transformfunctionsf16.o ABSOLUTE
    WindowFunctions.c                        0x00000000   Number         0  windowfunctions.o ABSOLUTE
    ads8864.c                                0x00000000   Number         0  ads8864.o ABSOLUTE
    can.c                                    0x00000000   Number         0  can.o ABSOLUTE
    can_bsp.c                                0x00000000   Number         0  can_bsp.o ABSOLUTE
    cdcmple.s                                0x00000000   Number         0  cdcmple.o ABSOLUTE
    cdrcmple.s                               0x00000000   Number         0  cdrcmple.o ABSOLUTE
    dc.s                                     0x00000000   Number         0  dc.o ABSOLUTE
    dma.c                                    0x00000000   Number         0  dma.o ABSOLUTE
    gpio.c                                   0x00000000   Number         0  gpio.o ABSOLUTE
    handlers.s                               0x00000000   Number         0  handlers.o ABSOLUTE
    i2c.c                                    0x00000000   Number         0  i2c.o ABSOLUTE
    init.s                                   0x00000000   Number         0  init.o ABSOLUTE
    main.c                                   0x00000000   Number         0  main.o ABSOLUTE
    oled.c                                   0x00000000   Number         0  oled.o ABSOLUTE
    spi.c                                    0x00000000   Number         0  spi.o ABSOLUTE
    startup_stm32f302x8.s                    0x00000000   Number         0  startup_stm32f302x8.o ABSOLUTE
    stm32f3xx_hal.c                          0x00000000   Number         0  stm32f3xx_hal.o ABSOLUTE
    stm32f3xx_hal_can.c                      0x00000000   Number         0  stm32f3xx_hal_can.o ABSOLUTE
    stm32f3xx_hal_cortex.c                   0x00000000   Number         0  stm32f3xx_hal_cortex.o ABSOLUTE
    stm32f3xx_hal_dma.c                      0x00000000   Number         0  stm32f3xx_hal_dma.o ABSOLUTE
    stm32f3xx_hal_exti.c                     0x00000000   Number         0  stm32f3xx_hal_exti.o ABSOLUTE
    stm32f3xx_hal_flash.c                    0x00000000   Number         0  stm32f3xx_hal_flash.o ABSOLUTE
    stm32f3xx_hal_flash_ex.c                 0x00000000   Number         0  stm32f3xx_hal_flash_ex.o ABSOLUTE
    stm32f3xx_hal_gpio.c                     0x00000000   Number         0  stm32f3xx_hal_gpio.o ABSOLUTE
    stm32f3xx_hal_i2c.c                      0x00000000   Number         0  stm32f3xx_hal_i2c.o ABSOLUTE
    stm32f3xx_hal_i2c_ex.c                   0x00000000   Number         0  stm32f3xx_hal_i2c_ex.o ABSOLUTE
    stm32f3xx_hal_msp.c                      0x00000000   Number         0  stm32f3xx_hal_msp.o ABSOLUTE
    stm32f3xx_hal_pwr.c                      0x00000000   Number         0  stm32f3xx_hal_pwr.o ABSOLUTE
    stm32f3xx_hal_pwr_ex.c                   0x00000000   Number         0  stm32f3xx_hal_pwr_ex.o ABSOLUTE
    stm32f3xx_hal_rcc.c                      0x00000000   Number         0  stm32f3xx_hal_rcc.o ABSOLUTE
    stm32f3xx_hal_rcc_ex.c                   0x00000000   Number         0  stm32f3xx_hal_rcc_ex.o ABSOLUTE
    stm32f3xx_hal_spi.c                      0x00000000   Number         0  stm32f3xx_hal_spi.o ABSOLUTE
    stm32f3xx_hal_spi_ex.c                   0x00000000   Number         0  stm32f3xx_hal_spi_ex.o ABSOLUTE
    stm32f3xx_hal_tim.c                      0x00000000   Number         0  stm32f3xx_hal_tim.o ABSOLUTE
    stm32f3xx_hal_tim_ex.c                   0x00000000   Number         0  stm32f3xx_hal_tim_ex.o ABSOLUTE
    stm32f3xx_hal_uart.c                     0x00000000   Number         0  stm32f3xx_hal_uart.o ABSOLUTE
    stm32f3xx_hal_uart_ex.c                  0x00000000   Number         0  stm32f3xx_hal_uart_ex.o ABSOLUTE
    stm32f3xx_it.c                           0x00000000   Number         0  stm32f3xx_it.o ABSOLUTE
    stm32f3xx_ll_dma.c                       0x00000000   Number         0  stm32f3xx_ll_dma.o ABSOLUTE
    stm32f3xx_ll_exti.c                      0x00000000   Number         0  stm32f3xx_ll_exti.o ABSOLUTE
    stm32f3xx_ll_gpio.c                      0x00000000   Number         0  stm32f3xx_ll_gpio.o ABSOLUTE
    stm32f3xx_ll_rcc.c                       0x00000000   Number         0  stm32f3xx_ll_rcc.o ABSOLUTE
    stm32f3xx_ll_tim.c                       0x00000000   Number         0  stm32f3xx_ll_tim.o ABSOLUTE
    stm32f3xx_ll_utils.c                     0x00000000   Number         0  stm32f3xx_ll_utils.o ABSOLUTE
    system_stm32f3xx.c                       0x00000000   Number         0  system_stm32f3xx.o ABSOLUTE
    tim.c                                    0x00000000   Number         0  tim.o ABSOLUTE
    usart.c                                  0x00000000   Number         0  usart.o ABSOLUTE
    RESET                                    0x08000000   Section      392  startup_stm32f302x8.o(RESET)
    .ARM.Collect$$$$00000000                 0x08000188   Section        0  entry.o(.ARM.Collect$$$$00000000)
    .ARM.Collect$$$$00000001                 0x08000188   Section        4  entry2.o(.ARM.Collect$$$$00000001)
    .ARM.Collect$$$$00000004                 0x0800018c   Section        4  entry5.o(.ARM.Collect$$$$00000004)
    .ARM.Collect$$$$00000008                 0x08000190   Section        0  entry7b.o(.ARM.Collect$$$$00000008)
    .ARM.Collect$$$$0000000A                 0x08000190   Section        0  entry8b.o(.ARM.Collect$$$$0000000A)
    .ARM.Collect$$$$0000000B                 0x08000190   Section        8  entry9a.o(.ARM.Collect$$$$0000000B)
    __lit__00000000                          0x08000198   Data           4  entry2.o(.ARM.Collect$$$$00002712)
    .ARM.Collect$$$$0000000D                 0x08000198   Section        0  entry10a.o(.ARM.Collect$$$$0000000D)
    .ARM.Collect$$$$0000000F                 0x08000198   Section        0  entry11a.o(.ARM.Collect$$$$0000000F)
    .ARM.Collect$$$$00002712                 0x08000198   Section        4  entry2.o(.ARM.Collect$$$$00002712)
    $v0                                      0x0800019c   Number         0  startup_stm32f302x8.o(.text)
    .text                                    0x0800019c   Section       36  startup_stm32f302x8.o(.text)
    .text                                    0x080001c0   Section        0  uldiv.o(.text)
    .text                                    0x08000222   Section        0  ldiv.o(.text)
    .text                                    0x08000284   Section        0  memcpya.o(.text)
    .text                                    0x080002a8   Section        0  memseta.o(.text)
    .text                                    0x080002cc   Section        0  strlen.o(.text)
    .text                                    0x080002da   Section        0  dadd.o(.text)
    .text                                    0x08000428   Section        0  dmul.o(.text)
    .text                                    0x0800050c   Section        0  ddiv.o(.text)
    .text                                    0x080005ea   Section        0  f2d.o(.text)
    .text                                    0x08000610   Section        0  uidiv.o(.text)
    .text                                    0x0800063c   Section        0  llshl.o(.text)
    .text                                    0x0800065a   Section        0  llushr.o(.text)
    .text                                    0x0800067a   Section        0  llsshr.o(.text)
    .text                                    0x0800069e   Section        0  iusefp.o(.text)
    .text                                    0x0800069e   Section        0  depilogue.o(.text)
    .text                                    0x08000758   Section        0  dfixul.o(.text)
    .text                                    0x08000788   Section       48  cdrcmple.o(.text)
    .text                                    0x080007b8   Section       48  init.o(.text)
    [Anonymous Symbol]                       0x080007e8   Section        0  ads8864.o(.text.ADS8864_ReadValue)
    [Anonymous Symbol]                       0x08000878   Section        0  stm32f3xx_it.o(.text.BusFault_Handler)
    [Anonymous Symbol]                       0x0800087c   Section        0  can_bsp.o(.text.CAN_Init)
    [Anonymous Symbol]                       0x080008c4   Section        0  stm32f3xx_it.o(.text.DMA1_Channel1_IRQHandler)
    [Anonymous Symbol]                       0x080008d0   Section        0  stm32f3xx_it.o(.text.DebugMon_Handler)
    [Anonymous Symbol]                       0x080008d4   Section        0  stm32f3xx_it.o(.text.EXTI2_TSC_IRQHandler)
    [Anonymous Symbol]                       0x080008d8   Section        0  main.o(.text.Error_Handler)
    [Anonymous Symbol]                       0x080008e4   Section        0  stm32f3xx_hal_can.o(.text.HAL_CAN_ConfigFilter)
    [Anonymous Symbol]                       0x080009cc   Section        0  stm32f3xx_hal_can.o(.text.HAL_CAN_Init)
    [Anonymous Symbol]                       0x08000ac0   Section        0  can.o(.text.HAL_CAN_MspInit)
    [Anonymous Symbol]                       0x08000b34   Section        0  stm32f3xx_hal_can.o(.text.HAL_CAN_Start)
    [Anonymous Symbol]                       0x08000b90   Section        0  stm32f3xx_hal_dma.o(.text.HAL_DMA_Abort)
    [Anonymous Symbol]                       0x08000bd0   Section        0  stm32f3xx_hal_dma.o(.text.HAL_DMA_Abort_IT)
    [Anonymous Symbol]                       0x08000c1c   Section        0  stm32f3xx_hal_dma.o(.text.HAL_DMA_IRQHandler)
    [Anonymous Symbol]                       0x08000cbc   Section        0  stm32f3xx_hal_dma.o(.text.HAL_DMA_Init)
    [Anonymous Symbol]                       0x08000d3c   Section        0  stm32f3xx_hal.o(.text.HAL_Delay)
    [Anonymous Symbol]                       0x08000d64   Section        0  stm32f3xx_hal_gpio.o(.text.HAL_GPIO_Init)
    [Anonymous Symbol]                       0x08000f20   Section        0  stm32f3xx_hal.o(.text.HAL_GetTick)
    [Anonymous Symbol]                       0x08000f2c   Section        0  stm32f3xx_hal_i2c_ex.o(.text.HAL_I2CEx_ConfigAnalogFilter)
    [Anonymous Symbol]                       0x08000f78   Section        0  stm32f3xx_hal_i2c_ex.o(.text.HAL_I2CEx_ConfigDigitalFilter)
    [Anonymous Symbol]                       0x08000fc0   Section        0  stm32f3xx_hal_i2c.o(.text.HAL_I2C_Init)
    [Anonymous Symbol]                       0x08001064   Section        0  i2c.o(.text.HAL_I2C_MspInit)
    [Anonymous Symbol]                       0x080010dc   Section        0  stm32f3xx_hal.o(.text.HAL_IncTick)
    [Anonymous Symbol]                       0x080010f8   Section        0  stm32f3xx_hal.o(.text.HAL_Init)
    [Anonymous Symbol]                       0x08001120   Section        0  stm32f3xx_hal.o(.text.HAL_InitTick)
    [Anonymous Symbol]                       0x08001170   Section        0  stm32f3xx_hal_msp.o(.text.HAL_MspInit)
    [Anonymous Symbol]                       0x080011a4   Section        0  stm32f3xx_hal_cortex.o(.text.HAL_NVIC_EnableIRQ)
    [Anonymous Symbol]                       0x080011c8   Section        0  stm32f3xx_hal_cortex.o(.text.HAL_NVIC_SetPriority)
    [Anonymous Symbol]                       0x08001220   Section        0  stm32f3xx_hal_cortex.o(.text.HAL_NVIC_SetPriorityGrouping)
    [Anonymous Symbol]                       0x08001240   Section        0  stm32f3xx_hal_rcc.o(.text.HAL_RCC_GetPCLK1Freq)
    [Anonymous Symbol]                       0x08001268   Section        0  stm32f3xx_hal_rcc.o(.text.HAL_RCC_GetSysClockFreq)
    [Anonymous Symbol]                       0x080012c0   Section        0  stm32f3xx_hal_spi.o(.text.HAL_SPI_Init)
    [Anonymous Symbol]                       0x080013a4   Section        0  spi.o(.text.HAL_SPI_MspInit)
    [Anonymous Symbol]                       0x0800141c   Section        0  stm32f3xx_hal_spi.o(.text.HAL_SPI_Receive)
    [Anonymous Symbol]                       0x08001598   Section        0  stm32f3xx_hal_spi.o(.text.HAL_SPI_TransmitReceive)
    [Anonymous Symbol]                       0x0800181c   Section        0  stm32f3xx_hal_cortex.o(.text.HAL_SYSTICK_Config)
    [Anonymous Symbol]                       0x08001848   Section        0  stm32f3xx_hal_tim_ex.o(.text.HAL_TIMEx_MasterConfigSynchronization)
    [Anonymous Symbol]                       0x080018bc   Section        0  stm32f3xx_hal_tim.o(.text.HAL_TIM_PWM_ConfigChannel)
    [Anonymous Symbol]                       0x08001c34   Section        0  stm32f3xx_hal_tim.o(.text.HAL_TIM_PWM_Init)
    [Anonymous Symbol]                       0x08001d24   Section        0  tim.o(.text.HAL_TIM_PWM_MspInit)
    [Anonymous Symbol]                       0x08001d90   Section        0  stm32f3xx_hal_uart.o(.text.HAL_UARTEx_RxEventCallback)
    [Anonymous Symbol]                       0x08001d94   Section        0  stm32f3xx_hal_uart_ex.o(.text.HAL_UARTEx_WakeupCallback)
    [Anonymous Symbol]                       0x08001d98   Section        0  stm32f3xx_hal_uart.o(.text.HAL_UART_ErrorCallback)
    [Anonymous Symbol]                       0x08001d9c   Section        0  stm32f3xx_hal_uart.o(.text.HAL_UART_IRQHandler)
    [Anonymous Symbol]                       0x080020c4   Section        0  stm32f3xx_hal_uart.o(.text.HAL_UART_Init)
    [Anonymous Symbol]                       0x08002188   Section        0  usart.o(.text.HAL_UART_MspInit)
    [Anonymous Symbol]                       0x08002264   Section        0  stm32f3xx_hal_uart.o(.text.HAL_UART_Transmit)
    [Anonymous Symbol]                       0x08002330   Section        0  stm32f3xx_hal_uart.o(.text.HAL_UART_TxCpltCallback)
    [Anonymous Symbol]                       0x08002334   Section        0  stm32f3xx_it.o(.text.HardFault_Handler)
    [Anonymous Symbol]                       0x08002338   Section        0  stm32f3xx_ll_exti.o(.text.LL_EXTI_Init)
    [Anonymous Symbol]                       0x080024a8   Section        0  stm32f3xx_ll_gpio.o(.text.LL_GPIO_Init)
    [Anonymous Symbol]                       0x08002598   Section        0  stm32f3xx_ll_utils.o(.text.LL_SetSystemCoreClock)
    [Anonymous Symbol]                       0x080025a4   Section        0  stm32f3xx_ll_tim.o(.text.LL_TIM_BDTR_Init)
    [Anonymous Symbol]                       0x08002618   Section        0  stm32f3xx_ll_tim.o(.text.LL_TIM_Init)
    [Anonymous Symbol]                       0x080026b0   Section        0  stm32f3xx_ll_tim.o(.text.LL_TIM_OC_Init)
    [Anonymous Symbol]                       0x080029dc   Section        0  stm32f3xx_ll_utils.o(.text.LL_mDelay)
    [Anonymous Symbol]                       0x08002a04   Section        0  can.o(.text.MX_CAN_Init)
    [Anonymous Symbol]                       0x08002a44   Section        0  dma.o(.text.MX_DMA_Init)
    [Anonymous Symbol]                       0x08002a78   Section        0  gpio.o(.text.MX_GPIO_Init)
    [Anonymous Symbol]                       0x08002ba8   Section        0  i2c.o(.text.MX_I2C1_Init)
    [Anonymous Symbol]                       0x08002c18   Section        0  spi.o(.text.MX_SPI2_Init)
    [Anonymous Symbol]                       0x08002c70   Section        0  tim.o(.text.MX_TIM15_Init)
    [Anonymous Symbol]                       0x08002d9c   Section        0  tim.o(.text.MX_TIM2_Init)
    [Anonymous Symbol]                       0x08002e6c   Section        0  usart.o(.text.MX_USART1_UART_Init)
    [Anonymous Symbol]                       0x08002eac   Section        0  usart.o(.text.MX_USART3_UART_Init)
    [Anonymous Symbol]                       0x08002eec   Section        0  ads8864.o(.text.Mean_filter)
    [Anonymous Symbol]                       0x08002f04   Section        0  stm32f3xx_it.o(.text.MemManage_Handler)
    [Anonymous Symbol]                       0x08002f08   Section        0  stm32f3xx_it.o(.text.NMI_Handler)
    [Anonymous Symbol]                       0x08002f0c   Section        0  stm32f3xx_it.o(.text.PendSV_Handler)
    SPI_EndRxTransaction                     0x08002f11   Thumb Code   108  stm32f3xx_hal_spi.o(.text.SPI_EndRxTransaction)
    [Anonymous Symbol]                       0x08002f10   Section        0  stm32f3xx_hal_spi.o(.text.SPI_EndRxTransaction)
    SPI_WaitFifoStateUntilTimeout            0x08002f7d   Thumb Code   232  stm32f3xx_hal_spi.o(.text.SPI_WaitFifoStateUntilTimeout)
    [Anonymous Symbol]                       0x08002f7c   Section        0  stm32f3xx_hal_spi.o(.text.SPI_WaitFifoStateUntilTimeout)
    SPI_WaitFlagStateUntilTimeout            0x08003065   Thumb Code   180  stm32f3xx_hal_spi.o(.text.SPI_WaitFlagStateUntilTimeout)
    [Anonymous Symbol]                       0x08003064   Section        0  stm32f3xx_hal_spi.o(.text.SPI_WaitFlagStateUntilTimeout)
    [Anonymous Symbol]                       0x08003118   Section        0  stm32f3xx_it.o(.text.SVC_Handler)
    [Anonymous Symbol]                       0x0800311c   Section        0  stm32f3xx_it.o(.text.SysTick_Handler)
    [Anonymous Symbol]                       0x08003120   Section        0  main.o(.text.SystemClock_Config)
    [Anonymous Symbol]                       0x080031f8   Section        0  system_stm32f3xx.o(.text.SystemInit)
    [Anonymous Symbol]                       0x0800320c   Section        0  stm32f3xx_hal_uart.o(.text.UART_AdvFeatureConfig)
    UART_DMAAbortOnError                     0x080032f5   Thumb Code    16  stm32f3xx_hal_uart.o(.text.UART_DMAAbortOnError)
    [Anonymous Symbol]                       0x080032f4   Section        0  stm32f3xx_hal_uart.o(.text.UART_DMAAbortOnError)
    [Anonymous Symbol]                       0x08003304   Section        0  stm32f3xx_hal_uart.o(.text.UART_SetConfig)
    [Anonymous Symbol]                       0x08003450   Section        0  stm32f3xx_hal_uart.o(.text.UART_WaitOnFlagUntilTimeout)
    [Anonymous Symbol]                       0x08003538   Section        0  stm32f3xx_it.o(.text.USART3_IRQHandler)
    [Anonymous Symbol]                       0x08003544   Section        0  stm32f3xx_it.o(.text.UsageFault_Handler)
    [Anonymous Symbol]                       0x08003548   Section        0  ads8864.o(.text.ads8864_Init)
    [Anonymous Symbol]                       0x08003568   Section        0  statisticsfunctions.o(.text.arm_mean_q31)
    [Anonymous Symbol]                       0x08003598   Section        0  main.o(.text.main)
    i.__0snprintf                            0x08003698   Section        0  printfa.o(i.__0snprintf)
    i.__scatterload_copy                     0x080036cc   Section       14  handlers.o(i.__scatterload_copy)
    i.__scatterload_null                     0x080036da   Section        2  handlers.o(i.__scatterload_null)
    i.__scatterload_zeroinit                 0x080036dc   Section       14  handlers.o(i.__scatterload_zeroinit)
    _fp_digits                               0x080036ed   Thumb Code   366  printfa.o(i._fp_digits)
    i._fp_digits                             0x080036ec   Section        0  printfa.o(i._fp_digits)
    _printf_core                             0x08003871   Thumb Code  1744  printfa.o(i._printf_core)
    i._printf_core                           0x08003870   Section        0  printfa.o(i._printf_core)
    _printf_post_padding                     0x08003f4d   Thumb Code    36  printfa.o(i._printf_post_padding)
    i._printf_post_padding                   0x08003f4c   Section        0  printfa.o(i._printf_post_padding)
    _printf_pre_padding                      0x08003f71   Thumb Code    46  printfa.o(i._printf_pre_padding)
    i._printf_pre_padding                    0x08003f70   Section        0  printfa.o(i._printf_pre_padding)
    _snputc                                  0x08003f9f   Thumb Code    22  printfa.o(i._snputc)
    i._snputc                                0x08003f9e   Section        0  printfa.o(i._snputc)
    .L.str                                   0x08003fdc   Data           5  main.o(.rodata.str1.1)
    [Anonymous Symbol]                       0x08003fdc   Section        0  main.o(.rodata.str1.1)
    TxData                                   0x20000014   Data          12  main.o(.bss.TxData)
    [Anonymous Symbol]                       0x20000014   Section        0  main.o(.bss.TxData)
    STACK                                    0x20000320   Section     1024  startup_stm32f302x8.o(STACK)

    Global Symbols

    Symbol Name                              Value     Ov Type        Size  Object(Section)

    BuildAttributes$$THM_ISAv4$E$P$D$K$B$S$7EM$VFPi3$EXTD16$VFPS$VFMA$PE$A:L22UL41UL21$X:L11$S22US41US21$IEEE1$IW$~IW$USESV6$~STKCKD$USESV7$~SHL$OTIME$ROPI$IEEEX$EBA8$MICROLIB$REQ8$PRES8$EABIv2 0x00000000   Number         0  anon$$obj.o ABSOLUTE
    _printf_a                                0x00000000   Number         0  printfstubs.o ABSOLUTE
    _printf_c                                0x00000000   Number         0  printfstubs.o ABSOLUTE
    _printf_charcount                        0x00000000   Number         0  printfstubs.o ABSOLUTE
    _printf_d                                0x00000000   Number         0  printfstubs.o ABSOLUTE
    _printf_e                                0x00000000   Number         0  printfstubs.o ABSOLUTE
    _printf_f                                0x00000000   Number         0  printfstubs.o ABSOLUTE
    _printf_flags                            0x00000000   Number         0  printfstubs.o ABSOLUTE
    _printf_fp_dec                           0x00000000   Number         0  printfstubs.o ABSOLUTE
    _printf_fp_hex                           0x00000000   Number         0  printfstubs.o ABSOLUTE
    _printf_g                                0x00000000   Number         0  printfstubs.o ABSOLUTE
    _printf_i                                0x00000000   Number         0  printfstubs.o ABSOLUTE
    _printf_int_dec                          0x00000000   Number         0  printfstubs.o ABSOLUTE
    _printf_l                                0x00000000   Number         0  printfstubs.o ABSOLUTE
    _printf_lc                               0x00000000   Number         0  printfstubs.o ABSOLUTE
    _printf_ll                               0x00000000   Number         0  printfstubs.o ABSOLUTE
    _printf_lld                              0x00000000   Number         0  printfstubs.o ABSOLUTE
    _printf_lli                              0x00000000   Number         0  printfstubs.o ABSOLUTE
    _printf_llo                              0x00000000   Number         0  printfstubs.o ABSOLUTE
    _printf_llu                              0x00000000   Number         0  printfstubs.o ABSOLUTE
    _printf_llx                              0x00000000   Number         0  printfstubs.o ABSOLUTE
    _printf_longlong_dec                     0x00000000   Number         0  printfstubs.o ABSOLUTE
    _printf_longlong_hex                     0x00000000   Number         0  printfstubs.o ABSOLUTE
    _printf_longlong_oct                     0x00000000   Number         0  printfstubs.o ABSOLUTE
    _printf_ls                               0x00000000   Number         0  printfstubs.o ABSOLUTE
    _printf_mbtowc                           0x00000000   Number         0  printfstubs.o ABSOLUTE
    _printf_n                                0x00000000   Number         0  printfstubs.o ABSOLUTE
    _printf_o                                0x00000000   Number         0  printfstubs.o ABSOLUTE
    _printf_p                                0x00000000   Number         0  printfstubs.o ABSOLUTE
    _printf_percent                          0x00000000   Number         0  printfstubs.o ABSOLUTE
    _printf_pre_padding                      0x00000000   Number         0  printfstubs.o ABSOLUTE
    _printf_return_value                     0x00000000   Number         0  printfstubs.o ABSOLUTE
    _printf_s                                0x00000000   Number         0  printfstubs.o ABSOLUTE
    _printf_sizespec                         0x00000000   Number         0  printfstubs.o ABSOLUTE
    _printf_str                              0x00000000   Number         0  printfstubs.o ABSOLUTE
    _printf_truncate_signed                  0x00000000   Number         0  printfstubs.o ABSOLUTE
    _printf_truncate_unsigned                0x00000000   Number         0  printfstubs.o ABSOLUTE
    _printf_u                                0x00000000   Number         0  printfstubs.o ABSOLUTE
    _printf_wc                               0x00000000   Number         0  printfstubs.o ABSOLUTE
    _printf_wctomb                           0x00000000   Number         0  printfstubs.o ABSOLUTE
    _printf_widthprec                        0x00000000   Number         0  printfstubs.o ABSOLUTE
    _printf_x                                0x00000000   Number         0  printfstubs.o ABSOLUTE
    __cpp_initialize__aeabi_                  - Undefined Weak Reference
    __cxa_finalize                            - Undefined Weak Reference
    __decompress                              - Undefined Weak Reference
    _clock_init                               - Undefined Weak Reference
    _microlib_exit                            - Undefined Weak Reference
    __Vectors_Size                           0x00000188   Number         0  startup_stm32f302x8.o ABSOLUTE
    __Vectors                                0x08000000   Data           4  startup_stm32f302x8.o(RESET)
    __Vectors_End                            0x08000188   Data           0  startup_stm32f302x8.o(RESET)
    __main                                   0x08000189   Thumb Code     0  entry.o(.ARM.Collect$$$$00000000)
    _main_stk                                0x08000189   Thumb Code     0  entry2.o(.ARM.Collect$$$$00000001)
    _main_scatterload                        0x0800018d   Thumb Code     0  entry5.o(.ARM.Collect$$$$00000004)
    __main_after_scatterload                 0x08000191   Thumb Code     0  entry5.o(.ARM.Collect$$$$00000004)
    _main_clock                              0x08000191   Thumb Code     0  entry7b.o(.ARM.Collect$$$$00000008)
    _main_cpp_init                           0x08000191   Thumb Code     0  entry8b.o(.ARM.Collect$$$$0000000A)
    _main_init                               0x08000191   Thumb Code     0  entry9a.o(.ARM.Collect$$$$0000000B)
    __rt_final_cpp                           0x08000199   Thumb Code     0  entry10a.o(.ARM.Collect$$$$0000000D)
    __rt_final_exit                          0x08000199   Thumb Code     0  entry11a.o(.ARM.Collect$$$$0000000F)
    Reset_Handler                            0x0800019d   Thumb Code     8  startup_stm32f302x8.o(.text)
    ADC1_IRQHandler                          0x080001b7   Thumb Code     0  startup_stm32f302x8.o(.text)
    CAN_RX1_IRQHandler                       0x080001b7   Thumb Code     0  startup_stm32f302x8.o(.text)
    CAN_SCE_IRQHandler                       0x080001b7   Thumb Code     0  startup_stm32f302x8.o(.text)
    COMP2_IRQHandler                         0x080001b7   Thumb Code     0  startup_stm32f302x8.o(.text)
    COMP4_6_IRQHandler                       0x080001b7   Thumb Code     0  startup_stm32f302x8.o(.text)
    DMA1_Channel2_IRQHandler                 0x080001b7   Thumb Code     0  startup_stm32f302x8.o(.text)
    DMA1_Channel3_IRQHandler                 0x080001b7   Thumb Code     0  startup_stm32f302x8.o(.text)
    DMA1_Channel4_IRQHandler                 0x080001b7   Thumb Code     0  startup_stm32f302x8.o(.text)
    DMA1_Channel5_IRQHandler                 0x080001b7   Thumb Code     0  startup_stm32f302x8.o(.text)
    DMA1_Channel6_IRQHandler                 0x080001b7   Thumb Code     0  startup_stm32f302x8.o(.text)
    DMA1_Channel7_IRQHandler                 0x080001b7   Thumb Code     0  startup_stm32f302x8.o(.text)
    EXTI0_IRQHandler                         0x080001b7   Thumb Code     0  startup_stm32f302x8.o(.text)
    EXTI15_10_IRQHandler                     0x080001b7   Thumb Code     0  startup_stm32f302x8.o(.text)
    EXTI1_IRQHandler                         0x080001b7   Thumb Code     0  startup_stm32f302x8.o(.text)
    EXTI3_IRQHandler                         0x080001b7   Thumb Code     0  startup_stm32f302x8.o(.text)
    EXTI4_IRQHandler                         0x080001b7   Thumb Code     0  startup_stm32f302x8.o(.text)
    EXTI9_5_IRQHandler                       0x080001b7   Thumb Code     0  startup_stm32f302x8.o(.text)
    FLASH_IRQHandler                         0x080001b7   Thumb Code     0  startup_stm32f302x8.o(.text)
    FPU_IRQHandler                           0x080001b7   Thumb Code     0  startup_stm32f302x8.o(.text)
    I2C1_ER_IRQHandler                       0x080001b7   Thumb Code     0  startup_stm32f302x8.o(.text)
    I2C1_EV_IRQHandler                       0x080001b7   Thumb Code     0  startup_stm32f302x8.o(.text)
    I2C2_ER_IRQHandler                       0x080001b7   Thumb Code     0  startup_stm32f302x8.o(.text)
    I2C2_EV_IRQHandler                       0x080001b7   Thumb Code     0  startup_stm32f302x8.o(.text)
    I2C3_ER_IRQHandler                       0x080001b7   Thumb Code     0  startup_stm32f302x8.o(.text)
    I2C3_EV_IRQHandler                       0x080001b7   Thumb Code     0  startup_stm32f302x8.o(.text)
    PVD_IRQHandler                           0x080001b7   Thumb Code     0  startup_stm32f302x8.o(.text)
    RCC_IRQHandler                           0x080001b7   Thumb Code     0  startup_stm32f302x8.o(.text)
    RTC_Alarm_IRQHandler                     0x080001b7   Thumb Code     0  startup_stm32f302x8.o(.text)
    RTC_WKUP_IRQHandler                      0x080001b7   Thumb Code     0  startup_stm32f302x8.o(.text)
    SPI2_IRQHandler                          0x080001b7   Thumb Code     0  startup_stm32f302x8.o(.text)
    SPI3_IRQHandler                          0x080001b7   Thumb Code     0  startup_stm32f302x8.o(.text)
    TAMP_STAMP_IRQHandler                    0x080001b7   Thumb Code     0  startup_stm32f302x8.o(.text)
    TIM1_BRK_TIM15_IRQHandler                0x080001b7   Thumb Code     0  startup_stm32f302x8.o(.text)
    TIM1_CC_IRQHandler                       0x080001b7   Thumb Code     0  startup_stm32f302x8.o(.text)
    TIM1_TRG_COM_TIM17_IRQHandler            0x080001b7   Thumb Code     0  startup_stm32f302x8.o(.text)
    TIM1_UP_TIM16_IRQHandler                 0x080001b7   Thumb Code     0  startup_stm32f302x8.o(.text)
    TIM2_IRQHandler                          0x080001b7   Thumb Code     0  startup_stm32f302x8.o(.text)
    TIM6_DAC_IRQHandler                      0x080001b7   Thumb Code     0  startup_stm32f302x8.o(.text)
    USART1_IRQHandler                        0x080001b7   Thumb Code     0  startup_stm32f302x8.o(.text)
    USART2_IRQHandler                        0x080001b7   Thumb Code     0  startup_stm32f302x8.o(.text)
    USBWakeUp_IRQHandler                     0x080001b7   Thumb Code     0  startup_stm32f302x8.o(.text)
    USBWakeUp_RMP_IRQHandler                 0x080001b7   Thumb Code     0  startup_stm32f302x8.o(.text)
    USB_HP_CAN_TX_IRQHandler                 0x080001b7   Thumb Code     0  startup_stm32f302x8.o(.text)
    USB_HP_IRQHandler                        0x080001b7   Thumb Code     0  startup_stm32f302x8.o(.text)
    USB_LP_CAN_RX0_IRQHandler                0x080001b7   Thumb Code     0  startup_stm32f302x8.o(.text)
    USB_LP_IRQHandler                        0x080001b7   Thumb Code     0  startup_stm32f302x8.o(.text)
    WWDG_IRQHandler                          0x080001b7   Thumb Code     0  startup_stm32f302x8.o(.text)
    __aeabi_uldivmod                         0x080001c1   Thumb Code    98  uldiv.o(.text)
    __aeabi_ldivmod                          0x08000223   Thumb Code    98  ldiv.o(.text)
    __aeabi_memcpy                           0x08000285   Thumb Code    36  memcpya.o(.text)
    __aeabi_memcpy4                          0x08000285   Thumb Code     0  memcpya.o(.text)
    __aeabi_memcpy8                          0x08000285   Thumb Code     0  memcpya.o(.text)
    __aeabi_memset                           0x080002a9   Thumb Code    14  memseta.o(.text)
    __aeabi_memset4                          0x080002a9   Thumb Code     0  memseta.o(.text)
    __aeabi_memset8                          0x080002a9   Thumb Code     0  memseta.o(.text)
    __aeabi_memclr                           0x080002b7   Thumb Code     4  memseta.o(.text)
    __aeabi_memclr4                          0x080002b7   Thumb Code     0  memseta.o(.text)
    __aeabi_memclr8                          0x080002b7   Thumb Code     0  memseta.o(.text)
    _memset$wrapper                          0x080002bb   Thumb Code    18  memseta.o(.text)
    strlen                                   0x080002cd   Thumb Code    14  strlen.o(.text)
    __aeabi_dadd                             0x080002db   Thumb Code   322  dadd.o(.text)
    __aeabi_dsub                             0x0800041d   Thumb Code     6  dadd.o(.text)
    __aeabi_drsub                            0x08000423   Thumb Code     6  dadd.o(.text)
    __aeabi_dmul                             0x08000429   Thumb Code   228  dmul.o(.text)
    __aeabi_ddiv                             0x0800050d   Thumb Code   222  ddiv.o(.text)
    __aeabi_f2d                              0x080005eb   Thumb Code    38  f2d.o(.text)
    __aeabi_uidiv                            0x08000611   Thumb Code     0  uidiv.o(.text)
    __aeabi_uidivmod                         0x08000611   Thumb Code    44  uidiv.o(.text)
    __aeabi_llsl                             0x0800063d   Thumb Code    30  llshl.o(.text)
    _ll_shift_l                              0x0800063d   Thumb Code     0  llshl.o(.text)
    __aeabi_llsr                             0x0800065b   Thumb Code    32  llushr.o(.text)
    _ll_ushift_r                             0x0800065b   Thumb Code     0  llushr.o(.text)
    __aeabi_lasr                             0x0800067b   Thumb Code    36  llsshr.o(.text)
    _ll_sshift_r                             0x0800067b   Thumb Code     0  llsshr.o(.text)
    __I$use$fp                               0x0800069f   Thumb Code     0  iusefp.o(.text)
    _double_round                            0x0800069f   Thumb Code    30  depilogue.o(.text)
    _double_epilogue                         0x080006bd   Thumb Code   156  depilogue.o(.text)
    __aeabi_d2ulz                            0x08000759   Thumb Code    48  dfixul.o(.text)
    __aeabi_cdrcmple                         0x08000789   Thumb Code    48  cdrcmple.o(.text)
    __scatterload                            0x080007b9   Thumb Code    38  init.o(.text)
    __scatterload_rt2                        0x080007b9   Thumb Code     0  init.o(.text)
    ADS8864_ReadValue                        0x080007e9   Thumb Code   144  ads8864.o(.text.ADS8864_ReadValue)
    BusFault_Handler                         0x08000879   Thumb Code     2  stm32f3xx_it.o(.text.BusFault_Handler)
    CAN_Init                                 0x0800087d   Thumb Code    70  can_bsp.o(.text.CAN_Init)
    DMA1_Channel1_IRQHandler                 0x080008c5   Thumb Code    12  stm32f3xx_it.o(.text.DMA1_Channel1_IRQHandler)
    DebugMon_Handler                         0x080008d1   Thumb Code     2  stm32f3xx_it.o(.text.DebugMon_Handler)
    EXTI2_TSC_IRQHandler                     0x080008d5   Thumb Code     4  stm32f3xx_it.o(.text.EXTI2_TSC_IRQHandler)
    Error_Handler                            0x080008d9   Thumb Code    10  main.o(.text.Error_Handler)
    HAL_CAN_ConfigFilter                     0x080008e5   Thumb Code   232  stm32f3xx_hal_can.o(.text.HAL_CAN_ConfigFilter)
    HAL_CAN_Init                             0x080009cd   Thumb Code   244  stm32f3xx_hal_can.o(.text.HAL_CAN_Init)
    HAL_CAN_MspInit                          0x08000ac1   Thumb Code   116  can.o(.text.HAL_CAN_MspInit)
    HAL_CAN_Start                            0x08000b35   Thumb Code    90  stm32f3xx_hal_can.o(.text.HAL_CAN_Start)
    HAL_DMA_Abort                            0x08000b91   Thumb Code    64  stm32f3xx_hal_dma.o(.text.HAL_DMA_Abort)
    HAL_DMA_Abort_IT                         0x08000bd1   Thumb Code    74  stm32f3xx_hal_dma.o(.text.HAL_DMA_Abort_IT)
    HAL_DMA_IRQHandler                       0x08000c1d   Thumb Code   158  stm32f3xx_hal_dma.o(.text.HAL_DMA_IRQHandler)
    HAL_DMA_Init                             0x08000cbd   Thumb Code   128  stm32f3xx_hal_dma.o(.text.HAL_DMA_Init)
    HAL_Delay                                0x08000d3d   Thumb Code    40  stm32f3xx_hal.o(.text.HAL_Delay)
    HAL_GPIO_Init                            0x08000d65   Thumb Code   442  stm32f3xx_hal_gpio.o(.text.HAL_GPIO_Init)
    HAL_GetTick                              0x08000f21   Thumb Code    12  stm32f3xx_hal.o(.text.HAL_GetTick)
    HAL_I2CEx_ConfigAnalogFilter             0x08000f2d   Thumb Code    74  stm32f3xx_hal_i2c_ex.o(.text.HAL_I2CEx_ConfigAnalogFilter)
    HAL_I2CEx_ConfigDigitalFilter            0x08000f79   Thumb Code    72  stm32f3xx_hal_i2c_ex.o(.text.HAL_I2CEx_ConfigDigitalFilter)
    HAL_I2C_Init                             0x08000fc1   Thumb Code   164  stm32f3xx_hal_i2c.o(.text.HAL_I2C_Init)
    HAL_I2C_MspInit                          0x08001065   Thumb Code   118  i2c.o(.text.HAL_I2C_MspInit)
    HAL_IncTick                              0x080010dd   Thumb Code    26  stm32f3xx_hal.o(.text.HAL_IncTick)
    HAL_Init                                 0x080010f9   Thumb Code    38  stm32f3xx_hal.o(.text.HAL_Init)
    HAL_InitTick                             0x08001121   Thumb Code    80  stm32f3xx_hal.o(.text.HAL_InitTick)
    HAL_MspInit                              0x08001171   Thumb Code    50  stm32f3xx_hal_msp.o(.text.HAL_MspInit)
    HAL_NVIC_EnableIRQ                       0x080011a5   Thumb Code    34  stm32f3xx_hal_cortex.o(.text.HAL_NVIC_EnableIRQ)
    HAL_NVIC_SetPriority                     0x080011c9   Thumb Code    86  stm32f3xx_hal_cortex.o(.text.HAL_NVIC_SetPriority)
    HAL_NVIC_SetPriorityGrouping             0x08001221   Thumb Code    32  stm32f3xx_hal_cortex.o(.text.HAL_NVIC_SetPriorityGrouping)
    HAL_RCC_GetPCLK1Freq                     0x08001241   Thumb Code    38  stm32f3xx_hal_rcc.o(.text.HAL_RCC_GetPCLK1Freq)
    HAL_RCC_GetSysClockFreq                  0x08001269   Thumb Code    86  stm32f3xx_hal_rcc.o(.text.HAL_RCC_GetSysClockFreq)
    HAL_SPI_Init                             0x080012c1   Thumb Code   228  stm32f3xx_hal_spi.o(.text.HAL_SPI_Init)
    HAL_SPI_MspInit                          0x080013a5   Thumb Code   120  spi.o(.text.HAL_SPI_MspInit)
    HAL_SPI_Receive                          0x0800141d   Thumb Code   380  stm32f3xx_hal_spi.o(.text.HAL_SPI_Receive)
    HAL_SPI_TransmitReceive                  0x08001599   Thumb Code   644  stm32f3xx_hal_spi.o(.text.HAL_SPI_TransmitReceive)
    HAL_SYSTICK_Config                       0x0800181d   Thumb Code    44  stm32f3xx_hal_cortex.o(.text.HAL_SYSTICK_Config)
    HAL_TIMEx_MasterConfigSynchronization    0x08001849   Thumb Code   114  stm32f3xx_hal_tim_ex.o(.text.HAL_TIMEx_MasterConfigSynchronization)
    HAL_TIM_PWM_ConfigChannel                0x080018bd   Thumb Code   886  stm32f3xx_hal_tim.o(.text.HAL_TIM_PWM_ConfigChannel)
    HAL_TIM_PWM_Init                         0x08001c35   Thumb Code   240  stm32f3xx_hal_tim.o(.text.HAL_TIM_PWM_Init)
    HAL_TIM_PWM_MspInit                      0x08001d25   Thumb Code   106  tim.o(.text.HAL_TIM_PWM_MspInit)
    HAL_UARTEx_RxEventCallback               0x08001d91   Thumb Code     2  stm32f3xx_hal_uart.o(.text.HAL_UARTEx_RxEventCallback)
    HAL_UARTEx_WakeupCallback                0x08001d95   Thumb Code     2  stm32f3xx_hal_uart_ex.o(.text.HAL_UARTEx_WakeupCallback)
    HAL_UART_ErrorCallback                   0x08001d99   Thumb Code     2  stm32f3xx_hal_uart.o(.text.HAL_UART_ErrorCallback)
    HAL_UART_IRQHandler                      0x08001d9d   Thumb Code   806  stm32f3xx_hal_uart.o(.text.HAL_UART_IRQHandler)
    HAL_UART_Init                            0x080020c5   Thumb Code   194  stm32f3xx_hal_uart.o(.text.HAL_UART_Init)
    HAL_UART_MspInit                         0x08002189   Thumb Code   220  usart.o(.text.HAL_UART_MspInit)
    HAL_UART_Transmit                        0x08002265   Thumb Code   204  stm32f3xx_hal_uart.o(.text.HAL_UART_Transmit)
    HAL_UART_TxCpltCallback                  0x08002331   Thumb Code     2  stm32f3xx_hal_uart.o(.text.HAL_UART_TxCpltCallback)
    HardFault_Handler                        0x08002335   Thumb Code     2  stm32f3xx_it.o(.text.HardFault_Handler)
    LL_EXTI_Init                             0x08002339   Thumb Code   368  stm32f3xx_ll_exti.o(.text.LL_EXTI_Init)
    LL_GPIO_Init                             0x080024a9   Thumb Code   238  stm32f3xx_ll_gpio.o(.text.LL_GPIO_Init)
    LL_SetSystemCoreClock                    0x08002599   Thumb Code    12  stm32f3xx_ll_utils.o(.text.LL_SetSystemCoreClock)
    LL_TIM_BDTR_Init                         0x080025a5   Thumb Code   116  stm32f3xx_ll_tim.o(.text.LL_TIM_BDTR_Init)
    LL_TIM_Init                              0x08002619   Thumb Code   152  stm32f3xx_ll_tim.o(.text.LL_TIM_Init)
    LL_TIM_OC_Init                           0x080026b1   Thumb Code   810  stm32f3xx_ll_tim.o(.text.LL_TIM_OC_Init)
    LL_mDelay                                0x080029dd   Thumb Code    40  stm32f3xx_ll_utils.o(.text.LL_mDelay)
    MX_CAN_Init                              0x08002a05   Thumb Code    64  can.o(.text.MX_CAN_Init)
    MX_DMA_Init                              0x08002a45   Thumb Code    52  dma.o(.text.MX_DMA_Init)
    MX_GPIO_Init                             0x08002a79   Thumb Code   302  gpio.o(.text.MX_GPIO_Init)
    MX_I2C1_Init                             0x08002ba9   Thumb Code   110  i2c.o(.text.MX_I2C1_Init)
    MX_SPI2_Init                             0x08002c19   Thumb Code    86  spi.o(.text.MX_SPI2_Init)
    MX_TIM15_Init                            0x08002c71   Thumb Code   300  tim.o(.text.MX_TIM15_Init)
    MX_TIM2_Init                             0x08002d9d   Thumb Code   208  tim.o(.text.MX_TIM2_Init)
    MX_USART1_UART_Init                      0x08002e6d   Thumb Code    64  usart.o(.text.MX_USART1_UART_Init)
    MX_USART3_UART_Init                      0x08002ead   Thumb Code    64  usart.o(.text.MX_USART3_UART_Init)
    Mean_filter                              0x08002eed   Thumb Code    22  ads8864.o(.text.Mean_filter)
    MemManage_Handler                        0x08002f05   Thumb Code     2  stm32f3xx_it.o(.text.MemManage_Handler)
    NMI_Handler                              0x08002f09   Thumb Code     2  stm32f3xx_it.o(.text.NMI_Handler)
    PendSV_Handler                           0x08002f0d   Thumb Code     2  stm32f3xx_it.o(.text.PendSV_Handler)
    SVC_Handler                              0x08003119   Thumb Code     2  stm32f3xx_it.o(.text.SVC_Handler)
    SysTick_Handler                          0x0800311d   Thumb Code     4  stm32f3xx_it.o(.text.SysTick_Handler)
    SystemClock_Config                       0x08003121   Thumb Code   216  main.o(.text.SystemClock_Config)
    SystemInit                               0x080031f9   Thumb Code    18  system_stm32f3xx.o(.text.SystemInit)
    UART_AdvFeatureConfig                    0x0800320d   Thumb Code   230  stm32f3xx_hal_uart.o(.text.UART_AdvFeatureConfig)
    UART_SetConfig                           0x08003305   Thumb Code   316  stm32f3xx_hal_uart.o(.text.UART_SetConfig)
    UART_WaitOnFlagUntilTimeout              0x08003451   Thumb Code   232  stm32f3xx_hal_uart.o(.text.UART_WaitOnFlagUntilTimeout)
    USART3_IRQHandler                        0x08003539   Thumb Code    12  stm32f3xx_it.o(.text.USART3_IRQHandler)
    UsageFault_Handler                       0x08003545   Thumb Code     2  stm32f3xx_it.o(.text.UsageFault_Handler)
    ads8864_Init                             0x08003549   Thumb Code    32  ads8864.o(.text.ads8864_Init)
    arm_mean_q31                             0x08003569   Thumb Code    48  statisticsfunctions.o(.text.arm_mean_q31)
    main                                     0x08003599   Thumb Code   254  main.o(.text.main)
    __0snprintf                              0x08003699   Thumb Code    48  printfa.o(i.__0snprintf)
    __1snprintf                              0x08003699   Thumb Code     0  printfa.o(i.__0snprintf)
    __2snprintf                              0x08003699   Thumb Code     0  printfa.o(i.__0snprintf)
    __c89snprintf                            0x08003699   Thumb Code     0  printfa.o(i.__0snprintf)
    snprintf                                 0x08003699   Thumb Code     0  printfa.o(i.__0snprintf)
    __scatterload_copy                       0x080036cd   Thumb Code    14  handlers.o(i.__scatterload_copy)
    __scatterload_null                       0x080036db   Thumb Code     2  handlers.o(i.__scatterload_null)
    __scatterload_zeroinit                   0x080036dd   Thumb Code    14  handlers.o(i.__scatterload_zeroinit)
    APBPrescTable                            0x08003fb4   Data           8  system_stm32f3xx.o(.rodata.APBPrescTable)
    aPLLMULFactorTable                       0x08003fbc   Data          16  stm32f3xx_hal_rcc.o(.rodata.aPLLMULFactorTable)
    aPredivFactorTable                       0x08003fcc   Data          16  stm32f3xx_hal_rcc.o(.rodata.aPredivFactorTable)
    Region$$Table$$Base                      0x08003fe4   Number         0  anon$$obj.o(Region$$Table)
    Region$$Table$$Limit                     0x08004004   Number         0  anon$$obj.o(Region$$Table)
    GF                                       0x20000000   Data           4  main.o(.data.GF)
    SystemCoreClock                          0x20000004   Data           4  system_stm32f3xx.o(.data.SystemCoreClock)
    uwTickFreq                               0x20000008   Data           1  stm32f3xx_hal.o(.data.uwTickFreq)
    uwTickPrio                               0x2000000c   Data           4  stm32f3xx_hal.o(.data.uwTickPrio)
    Q_2                                      0x20000010   Data           4  main.o(.bss.Q_2)
    adc_counter                              0x20000020   Data           2  ads8864.o(.bss.adc_counter)
    adc_data                                 0x20000022   Data           2  ads8864.o(.bss.adc_data)
    adc_mean                                 0x20000024   Data           4  ads8864.o(.bss.adc_mean)
    adc_rawdata                              0x20000028   Data         128  ads8864.o(.bss.adc_rawdata)
    hcan                                     0x200000a8   Data          40  can.o(.bss.hcan)
    hdma_tim2_ch3                            0x200000d0   Data          68  tim.o(.bss.hdma_tim2_ch3)
    hi2c1                                    0x20000114   Data          76  i2c.o(.bss.hi2c1)
    hspi2                                    0x20000160   Data         100  spi.o(.bss.hspi2)
    htim2                                    0x200001c4   Data          76  tim.o(.bss.htim2)
    huart1                                   0x20000210   Data         132  usart.o(.bss.huart1)
    huart3                                   0x20000294   Data         132  usart.o(.bss.huart3)
    uwTick                                   0x20000318   Data           4  stm32f3xx_hal.o(.bss.uwTick)
    __initial_sp                             0x20000720   Data           0  startup_stm32f302x8.o(STACK)



==============================================================================

Memory Map of the image

  Image Entry point : 0x08000189

  Load Region LR_IROM1 (Base: 0x08000000, Size: 0x00004018, Max: 0x00010000, ABSOLUTE)

    Execution Region ER_IROM1 (Exec base: 0x08000000, Load base: 0x08000000, Size: 0x00004004, Max: 0x00010000, ABSOLUTE)

    Exec Addr    Load Addr    Size         Type   Attr      Idx    E Section Name        Object

    0x08000000   0x08000000   0x00000188   Data   RO           64    RESET               startup_stm32f302x8.o
    0x08000188   0x08000188   0x00000000   Code   RO         3662  * .ARM.Collect$$$$00000000  mc_w.l(entry.o)
    0x08000188   0x08000188   0x00000004   Code   RO         4015    .ARM.Collect$$$$00000001  mc_w.l(entry2.o)
    0x0800018c   0x0800018c   0x00000004   Code   RO         4018    .ARM.Collect$$$$00000004  mc_w.l(entry5.o)
    0x08000190   0x08000190   0x00000000   Code   RO         4020    .ARM.Collect$$$$00000008  mc_w.l(entry7b.o)
    0x08000190   0x08000190   0x00000000   Code   RO         4022    .ARM.Collect$$$$0000000A  mc_w.l(entry8b.o)
    0x08000190   0x08000190   0x00000008   Code   RO         4023    .ARM.Collect$$$$0000000B  mc_w.l(entry9a.o)
    0x08000198   0x08000198   0x00000000   Code   RO         4025    .ARM.Collect$$$$0000000D  mc_w.l(entry10a.o)
    0x08000198   0x08000198   0x00000000   Code   RO         4027    .ARM.Collect$$$$0000000F  mc_w.l(entry11a.o)
    0x08000198   0x08000198   0x00000004   Code   RO         4016    .ARM.Collect$$$$00002712  mc_w.l(entry2.o)
    0x0800019c   0x0800019c   0x00000024   Code   RO           65    .text               startup_stm32f302x8.o
    0x080001c0   0x080001c0   0x00000062   Code   RO         3665    .text               mc_w.l(uldiv.o)
    0x08000222   0x08000222   0x00000062   Code   RO         3667    .text               mc_w.l(ldiv.o)
    0x08000284   0x08000284   0x00000024   Code   RO         3669    .text               mc_w.l(memcpya.o)
    0x080002a8   0x080002a8   0x00000024   Code   RO         3671    .text               mc_w.l(memseta.o)
    0x080002cc   0x080002cc   0x0000000e   Code   RO         3673    .text               mc_w.l(strlen.o)
    0x080002da   0x080002da   0x0000014e   Code   RO         3938    .text               mf_w.l(dadd.o)
    0x08000428   0x08000428   0x000000e4   Code   RO         3940    .text               mf_w.l(dmul.o)
    0x0800050c   0x0800050c   0x000000de   Code   RO         3942    .text               mf_w.l(ddiv.o)
    0x080005ea   0x080005ea   0x00000026   Code   RO         3960    .text               mf_w.l(f2d.o)
    0x08000610   0x08000610   0x0000002c   Code   RO         4039    .text               mc_w.l(uidiv.o)
    0x0800063c   0x0800063c   0x0000001e   Code   RO         4041    .text               mc_w.l(llshl.o)
    0x0800065a   0x0800065a   0x00000020   Code   RO         4043    .text               mc_w.l(llushr.o)
    0x0800067a   0x0800067a   0x00000024   Code   RO         4045    .text               mc_w.l(llsshr.o)
    0x0800069e   0x0800069e   0x00000000   Code   RO         4054    .text               mc_w.l(iusefp.o)
    0x0800069e   0x0800069e   0x000000ba   Code   RO         4057    .text               mf_w.l(depilogue.o)
    0x08000758   0x08000758   0x00000030   Code   RO         4063    .text               mf_w.l(dfixul.o)
    0x08000788   0x08000788   0x00000030   Code   RO         4067    .text               mf_w.l(cdrcmple.o)
    0x080007b8   0x080007b8   0x00000030   Code   RO         4077    .text               mc_w.l(init.o)
    0x080007e8   0x080007e8   0x00000090   Code   RO            4    .text.ADS8864_ReadValue  ads8864.o
    0x08000878   0x08000878   0x00000002   Code   RO          211    .text.BusFault_Handler  stm32f3xx_it.o
    0x0800087a   0x0800087a   0x00000002   PAD
    0x0800087c   0x0800087c   0x00000046   Code   RO           20    .text.CAN_Init      can_bsp.o
    0x080008c2   0x080008c2   0x00000002   PAD
    0x080008c4   0x080008c4   0x0000000c   Code   RO          225    .text.DMA1_Channel1_IRQHandler  stm32f3xx_it.o
    0x080008d0   0x080008d0   0x00000002   Code   RO          217    .text.DebugMon_Handler  stm32f3xx_it.o
    0x080008d2   0x080008d2   0x00000002   PAD
    0x080008d4   0x080008d4   0x00000004   Code   RO          223    .text.EXTI2_TSC_IRQHandler  stm32f3xx_it.o
    0x080008d8   0x080008d8   0x0000000a   Code   RO           80    .text.Error_Handler  main.o
    0x080008e2   0x080008e2   0x00000002   PAD
    0x080008e4   0x080008e4   0x000000e8   Code   RO          304    .text.HAL_CAN_ConfigFilter  stm32f3xx_hal_can.o
    0x080009cc   0x080009cc   0x000000f4   Code   RO          294    .text.HAL_CAN_Init  stm32f3xx_hal_can.o
    0x08000ac0   0x08000ac0   0x00000074   Code   RO          112    .text.HAL_CAN_MspInit  can.o
    0x08000b34   0x08000b34   0x0000005a   Code   RO          306    .text.HAL_CAN_Start  stm32f3xx_hal_can.o
    0x08000b8e   0x08000b8e   0x00000002   PAD
    0x08000b90   0x08000b90   0x00000040   Code   RO          554    .text.HAL_DMA_Abort  stm32f3xx_hal_dma.o
    0x08000bd0   0x08000bd0   0x0000004a   Code   RO          556    .text.HAL_DMA_Abort_IT  stm32f3xx_hal_dma.o
    0x08000c1a   0x08000c1a   0x00000002   PAD
    0x08000c1c   0x08000c1c   0x0000009e   Code   RO          560    .text.HAL_DMA_IRQHandler  stm32f3xx_hal_dma.o
    0x08000cba   0x08000cba   0x00000002   PAD
    0x08000cbc   0x08000cbc   0x00000080   Code   RO          546    .text.HAL_DMA_Init  stm32f3xx_hal_dma.o
    0x08000d3c   0x08000d3c   0x00000028   Code   RO          429    .text.HAL_Delay     stm32f3xx_hal.o
    0x08000d64   0x08000d64   0x000001ba   Code   RO          522    .text.HAL_GPIO_Init  stm32f3xx_hal_gpio.o
    0x08000f1e   0x08000f1e   0x00000002   PAD
    0x08000f20   0x08000f20   0x0000000c   Code   RO          421    .text.HAL_GetTick   stm32f3xx_hal.o
    0x08000f2c   0x08000f2c   0x0000004a   Code   RO          871    .text.HAL_I2CEx_ConfigAnalogFilter  stm32f3xx_hal_i2c_ex.o
    0x08000f76   0x08000f76   0x00000002   PAD
    0x08000f78   0x08000f78   0x00000048   Code   RO          873    .text.HAL_I2CEx_ConfigDigitalFilter  stm32f3xx_hal_i2c_ex.o
    0x08000fc0   0x08000fc0   0x000000a4   Code   RO          723    .text.HAL_I2C_Init  stm32f3xx_hal_i2c.o
    0x08001064   0x08001064   0x00000076   Code   RO          136    .text.HAL_I2C_MspInit  i2c.o
    0x080010da   0x080010da   0x00000002   PAD
    0x080010dc   0x080010dc   0x0000001a   Code   RO          419    .text.HAL_IncTick   stm32f3xx_hal.o
    0x080010f6   0x080010f6   0x00000002   PAD
    0x080010f8   0x080010f8   0x00000026   Code   RO          409    .text.HAL_Init      stm32f3xx_hal.o
    0x0800111e   0x0800111e   0x00000002   PAD
    0x08001120   0x08001120   0x00000050   Code   RO          411    .text.HAL_InitTick  stm32f3xx_hal.o
    0x08001170   0x08001170   0x00000032   Code   RO          236    .text.HAL_MspInit   stm32f3xx_hal_msp.o
    0x080011a2   0x080011a2   0x00000002   PAD
    0x080011a4   0x080011a4   0x00000022   Code   RO          582    .text.HAL_NVIC_EnableIRQ  stm32f3xx_hal_cortex.o
    0x080011c6   0x080011c6   0x00000002   PAD
    0x080011c8   0x080011c8   0x00000056   Code   RO          580    .text.HAL_NVIC_SetPriority  stm32f3xx_hal_cortex.o
    0x0800121e   0x0800121e   0x00000002   PAD
    0x08001220   0x08001220   0x00000020   Code   RO          578    .text.HAL_NVIC_SetPriorityGrouping  stm32f3xx_hal_cortex.o
    0x08001240   0x08001240   0x00000026   Code   RO          486    .text.HAL_RCC_GetPCLK1Freq  stm32f3xx_hal_rcc.o
    0x08001266   0x08001266   0x00000002   PAD
    0x08001268   0x08001268   0x00000056   Code   RO          476    .text.HAL_RCC_GetSysClockFreq  stm32f3xx_hal_rcc.o
    0x080012be   0x080012be   0x00000002   PAD
    0x080012c0   0x080012c0   0x000000e4   Code   RO          931    .text.HAL_SPI_Init  stm32f3xx_hal_spi.o
    0x080013a4   0x080013a4   0x00000078   Code   RO          151    .text.HAL_SPI_MspInit  spi.o
    0x0800141c   0x0800141c   0x0000017c   Code   RO          941    .text.HAL_SPI_Receive  stm32f3xx_hal_spi.o
    0x08001598   0x08001598   0x00000284   Code   RO          943    .text.HAL_SPI_TransmitReceive  stm32f3xx_hal_spi.o
    0x0800181c   0x0800181c   0x0000002c   Code   RO          590    .text.HAL_SYSTICK_Config  stm32f3xx_hal_cortex.o
    0x08001848   0x08001848   0x00000072   Code   RO         1351    .text.HAL_TIMEx_MasterConfigSynchronization  stm32f3xx_hal_tim_ex.o
    0x080018ba   0x080018ba   0x00000002   PAD
    0x080018bc   0x080018bc   0x00000376   Code   RO         1210    .text.HAL_TIM_PWM_ConfigChannel  stm32f3xx_hal_tim.o
    0x08001c32   0x08001c32   0x00000002   PAD
    0x08001c34   0x08001c34   0x000000f0   Code   RO         1110    .text.HAL_TIM_PWM_Init  stm32f3xx_hal_tim.o
    0x08001d24   0x08001d24   0x0000006a   Code   RO          170    .text.HAL_TIM_PWM_MspInit  tim.o
    0x08001d8e   0x08001d8e   0x00000002   PAD
    0x08001d90   0x08001d90   0x00000002   Code   RO         1499    .text.HAL_UARTEx_RxEventCallback  stm32f3xx_hal_uart.o
    0x08001d92   0x08001d92   0x00000002   PAD
    0x08001d94   0x08001d94   0x00000002   Code   RO         1549    .text.HAL_UARTEx_WakeupCallback  stm32f3xx_hal_uart_ex.o
    0x08001d96   0x08001d96   0x00000002   PAD
    0x08001d98   0x08001d98   0x00000002   Code   RO         1497    .text.HAL_UART_ErrorCallback  stm32f3xx_hal_uart.o
    0x08001d9a   0x08001d9a   0x00000002   PAD
    0x08001d9c   0x08001d9c   0x00000326   Code   RO         1493    .text.HAL_UART_IRQHandler  stm32f3xx_hal_uart.o
    0x080020c2   0x080020c2   0x00000002   PAD
    0x080020c4   0x080020c4   0x000000c2   Code   RO         1413    .text.HAL_UART_Init  stm32f3xx_hal_uart.o
    0x08002186   0x08002186   0x00000002   PAD
    0x08002188   0x08002188   0x000000dc   Code   RO          188    .text.HAL_UART_MspInit  usart.o
    0x08002264   0x08002264   0x000000cc   Code   RO         1433    .text.HAL_UART_Transmit  stm32f3xx_hal_uart.o
    0x08002330   0x08002330   0x00000002   Code   RO         1501    .text.HAL_UART_TxCpltCallback  stm32f3xx_hal_uart.o
    0x08002332   0x08002332   0x00000002   PAD
    0x08002334   0x08002334   0x00000002   Code   RO          207    .text.HardFault_Handler  stm32f3xx_it.o
    0x08002336   0x08002336   0x00000002   PAD
    0x08002338   0x08002338   0x00000170   Code   RO          268    .text.LL_EXTI_Init  stm32f3xx_ll_exti.o
    0x080024a8   0x080024a8   0x000000ee   Code   RO          282    .text.LL_GPIO_Init  stm32f3xx_ll_gpio.o
    0x08002596   0x08002596   0x00000002   PAD
    0x08002598   0x08002598   0x0000000c   Code   RO          248    .text.LL_SetSystemCoreClock  stm32f3xx_ll_utils.o
    0x080025a4   0x080025a4   0x00000074   Code   RO         1403    .text.LL_TIM_BDTR_Init  stm32f3xx_ll_tim.o
    0x08002618   0x08002618   0x00000098   Code   RO         1383    .text.LL_TIM_Init   stm32f3xx_ll_tim.o
    0x080026b0   0x080026b0   0x0000032a   Code   RO         1387    .text.LL_TIM_OC_Init  stm32f3xx_ll_tim.o
    0x080029da   0x080029da   0x00000002   PAD
    0x080029dc   0x080029dc   0x00000028   Code   RO          246    .text.LL_mDelay     stm32f3xx_ll_utils.o
    0x08002a04   0x08002a04   0x00000040   Code   RO          110    .text.MX_CAN_Init   can.o
    0x08002a44   0x08002a44   0x00000034   Code   RO          125    .text.MX_DMA_Init   dma.o
    0x08002a78   0x08002a78   0x0000012e   Code   RO          101    .text.MX_GPIO_Init  gpio.o
    0x08002ba6   0x08002ba6   0x00000002   PAD
    0x08002ba8   0x08002ba8   0x0000006e   Code   RO          134    .text.MX_I2C1_Init  i2c.o
    0x08002c16   0x08002c16   0x00000002   PAD
    0x08002c18   0x08002c18   0x00000056   Code   RO          149    .text.MX_SPI2_Init  spi.o
    0x08002c6e   0x08002c6e   0x00000002   PAD
    0x08002c70   0x08002c70   0x0000012c   Code   RO          168    .text.MX_TIM15_Init  tim.o
    0x08002d9c   0x08002d9c   0x000000d0   Code   RO          164    .text.MX_TIM2_Init  tim.o
    0x08002e6c   0x08002e6c   0x00000040   Code   RO          184    .text.MX_USART1_UART_Init  usart.o
    0x08002eac   0x08002eac   0x00000040   Code   RO          186    .text.MX_USART3_UART_Init  usart.o
    0x08002eec   0x08002eec   0x00000016   Code   RO            2    .text.Mean_filter   ads8864.o
    0x08002f02   0x08002f02   0x00000002   PAD
    0x08002f04   0x08002f04   0x00000002   Code   RO          209    .text.MemManage_Handler  stm32f3xx_it.o
    0x08002f06   0x08002f06   0x00000002   PAD
    0x08002f08   0x08002f08   0x00000002   Code   RO          205    .text.NMI_Handler   stm32f3xx_it.o
    0x08002f0a   0x08002f0a   0x00000002   PAD
    0x08002f0c   0x08002f0c   0x00000002   Code   RO          219    .text.PendSV_Handler  stm32f3xx_it.o
    0x08002f0e   0x08002f0e   0x00000002   PAD
    0x08002f10   0x08002f10   0x0000006c   Code   RO          945    .text.SPI_EndRxTransaction  stm32f3xx_hal_spi.o
    0x08002f7c   0x08002f7c   0x000000e8   Code   RO          995    .text.SPI_WaitFifoStateUntilTimeout  stm32f3xx_hal_spi.o
    0x08003064   0x08003064   0x000000b4   Code   RO          997    .text.SPI_WaitFlagStateUntilTimeout  stm32f3xx_hal_spi.o
    0x08003118   0x08003118   0x00000002   Code   RO          215    .text.SVC_Handler   stm32f3xx_it.o
    0x0800311a   0x0800311a   0x00000002   PAD
    0x0800311c   0x0800311c   0x00000004   Code   RO          221    .text.SysTick_Handler  stm32f3xx_it.o
    0x08003120   0x08003120   0x000000d8   Code   RO           78    .text.SystemClock_Config  main.o
    0x080031f8   0x080031f8   0x00000012   Code   RO         1573    .text.SystemInit    system_stm32f3xx.o
    0x0800320a   0x0800320a   0x00000002   PAD
    0x0800320c   0x0800320c   0x000000e6   Code   RO         1419    .text.UART_AdvFeatureConfig  stm32f3xx_hal_uart.o
    0x080032f2   0x080032f2   0x00000002   PAD
    0x080032f4   0x080032f4   0x00000010   Code   RO         1495    .text.UART_DMAAbortOnError  stm32f3xx_hal_uart.o
    0x08003304   0x08003304   0x0000014c   Code   RO         1417    .text.UART_SetConfig  stm32f3xx_hal_uart.o
    0x08003450   0x08003450   0x000000e8   Code   RO         1435    .text.UART_WaitOnFlagUntilTimeout  stm32f3xx_hal_uart.o
    0x08003538   0x08003538   0x0000000c   Code   RO          227    .text.USART3_IRQHandler  stm32f3xx_it.o
    0x08003544   0x08003544   0x00000002   Code   RO          213    .text.UsageFault_Handler  stm32f3xx_it.o
    0x08003546   0x08003546   0x00000002   PAD
    0x08003548   0x08003548   0x00000020   Code   RO            6    .text.ads8864_Init  ads8864.o
    0x08003568   0x08003568   0x00000030   Code   RO         2782    .text.arm_mean_q31  statisticsfunctions.o
    0x08003598   0x08003598   0x000000fe   Code   RO           76    .text.main          main.o
    0x08003696   0x08003696   0x00000002   PAD
    0x08003698   0x08003698   0x00000034   Code   RO         3911    i.__0snprintf       mc_w.l(printfa.o)
    0x080036cc   0x080036cc   0x0000000e   Code   RO         4081    i.__scatterload_copy  mc_w.l(handlers.o)
    0x080036da   0x080036da   0x00000002   Code   RO         4082    i.__scatterload_null  mc_w.l(handlers.o)
    0x080036dc   0x080036dc   0x0000000e   Code   RO         4083    i.__scatterload_zeroinit  mc_w.l(handlers.o)
    0x080036ea   0x080036ea   0x00000002   PAD
    0x080036ec   0x080036ec   0x00000184   Code   RO         3917    i._fp_digits        mc_w.l(printfa.o)
    0x08003870   0x08003870   0x000006dc   Code   RO         3918    i._printf_core      mc_w.l(printfa.o)
    0x08003f4c   0x08003f4c   0x00000024   Code   RO         3919    i._printf_post_padding  mc_w.l(printfa.o)
    0x08003f70   0x08003f70   0x0000002e   Code   RO         3920    i._printf_pre_padding  mc_w.l(printfa.o)
    0x08003f9e   0x08003f9e   0x00000016   Code   RO         3921    i._snputc           mc_w.l(printfa.o)
    0x08003fb4   0x08003fb4   0x00000008   Data   RO         1579    .rodata.APBPrescTable  system_stm32f3xx.o
    0x08003fbc   0x08003fbc   0x00000010   Data   RO          498    .rodata.aPLLMULFactorTable  stm32f3xx_hal_rcc.o
    0x08003fcc   0x08003fcc   0x00000010   Data   RO          499    .rodata.aPredivFactorTable  stm32f3xx_hal_rcc.o
    0x08003fdc   0x08003fdc   0x00000005   Data   RO           90    .rodata.str1.1      main.o
    0x08003fe1   0x08003fe1   0x00000003   PAD
    0x08003fe4   0x08003fe4   0x00000020   Data   RO         4080    Region$$Table       anon$$obj.o


    Execution Region RW_IRAM1 (Exec base: 0x20000000, Load base: 0x08004008, Size: 0x00000720, Max: 0x00004000, ABSOLUTE)

    Exec Addr    Load Addr    Size         Type   Attr      Idx    E Section Name        Object

    0x20000000   0x08004008   0x00000004   Data   RW           88    .data.GF            main.o
    0x20000004   0x0800400c   0x00000004   Data   RW         1577    .data.SystemCoreClock  system_stm32f3xx.o
    0x20000008   0x08004010   0x00000001   Data   RW          460    .data.uwTickFreq    stm32f3xx_hal.o
    0x20000009   0x08004011   0x00000003   PAD
    0x2000000c   0x08004014   0x00000004   Data   RW          459    .data.uwTickPrio    stm32f3xx_hal.o
    0x20000010        -       0x00000004   Zero   RW           83    .bss.Q_2            main.o
    0x20000014        -       0x0000000c   Zero   RW           91    .bss.TxData         main.o
    0x20000020        -       0x00000002   Zero   RW           11    .bss.adc_counter    ads8864.o
    0x20000022        -       0x00000002   Zero   RW            9    .bss.adc_data       ads8864.o
    0x20000024        -       0x00000004   Zero   RW           10    .bss.adc_mean       ads8864.o
    0x20000028        -       0x00000080   Zero   RW            8    .bss.adc_rawdata    ads8864.o
    0x200000a8        -       0x00000028   Zero   RW          116    .bss.hcan           can.o
    0x200000d0        -       0x00000044   Zero   RW          175    .bss.hdma_tim2_ch3  tim.o
    0x20000114        -       0x0000004c   Zero   RW          140    .bss.hi2c1          i2c.o
    0x20000160        -       0x00000064   Zero   RW          155    .bss.hspi2          spi.o
    0x200001c4        -       0x0000004c   Zero   RW          174    .bss.htim2          tim.o
    0x20000210        -       0x00000084   Zero   RW          195    .bss.huart1         usart.o
    0x20000294        -       0x00000084   Zero   RW          196    .bss.huart3         usart.o
    0x20000318        -       0x00000004   Zero   RW          461    .bss.uwTick         stm32f3xx_hal.o
    0x2000031c   0x08004018   0x00000004   PAD
    0x20000320        -       0x00000400   Zero   RW           62    STACK               startup_stm32f302x8.o


==============================================================================

Image component sizes


      Code (inc. data)   RO Data    RW Data    ZI Data      Debug   Object Name

       198          0          0          0        136       4086   ads8864.o
       180          0          0          0         40       3954   can.o
        70          0          0          0          0       3871   can_bsp.o
        52          0          0          0          0       2587   dma.o
       302          0          0          0          0       5585   gpio.o
       228          0          0          0         76       4835   i2c.o
       480          0          5          4         16       5459   main.o
       206          0          0          0        100       4516   spi.o
        36          8        392          0       1024        840   startup_stm32f302x8.o
        48          0          0          0          0      49416   statisticsfunctions.o
       196          0          0          5          4       6001   stm32f3xx_hal.o
       566          0          0          0          0      13404   stm32f3xx_hal_can.o
       196          0          0          0          0       8563   stm32f3xx_hal_cortex.o
       424          0          0          0          0       7213   stm32f3xx_hal_dma.o
       442          0          0          0          0       4659   stm32f3xx_hal_gpio.o
       164          0          0          0          0      54277   stm32f3xx_hal_i2c.o
       146          0          0          0          0       5358   stm32f3xx_hal_i2c_ex.o
        50          0          0          0          0        988   stm32f3xx_hal_msp.o
       124          0         32          0          0       7473   stm32f3xx_hal_rcc.o
      1772          0          0          0          0      23949   stm32f3xx_hal_spi.o
      1126         12          0          0          0      60995   stm32f3xx_hal_tim.o
       114          0          0          0          0      22355   stm32f3xx_hal_tim_ex.o
      2020         36          0          0          0      30106   stm32f3xx_hal_uart.o
         2          0          0          0          0       7581   stm32f3xx_hal_uart_ex.o
        48          0          0          0          0       4328   stm32f3xx_it.o
       368          8          0          0          0       3758   stm32f3xx_ll_exti.o
       238          0          0          0          0       3742   stm32f3xx_ll_gpio.o
      1078          0          0          0          0      12110   stm32f3xx_ll_tim.o
        52          0          0          0          0       7269   stm32f3xx_ll_utils.o
        18          0          8          4          0       2188   system_stm32f3xx.o
       614          0          0          0        144       8944   tim.o
       348          0          0          0        264       6792   usart.o

    ----------------------------------------------------------------------
     11988         64        472         16       1808     387202   Object Totals
         0          0         32          0          0          0   (incl. Generated)
        82          0          3          3          4          0   (incl. Padding)

    ----------------------------------------------------------------------

      Code (inc. data)   RO Data    RW Data    ZI Data      Debug   Library Member Name

         0          0          0          0          0          0   entry.o
         0          0          0          0          0          0   entry10a.o
         0          0          0          0          0          0   entry11a.o
         8          4          0          0          0          0   entry2.o
         4          0          0          0          0          0   entry5.o
         0          0          0          0          0          0   entry7b.o
         0          0          0          0          0          0   entry8b.o
         8          4          0          0          0          0   entry9a.o
        30          0          0          0          0          0   handlers.o
        48         10          0          0          0         68   init.o
         0          0          0          0          0          0   iusefp.o
        98          0          0          0          0         84   ldiv.o
        30          0          0          0          0         68   llshl.o
        36          0          0          0          0         68   llsshr.o
        32          0          0          0          0         68   llushr.o
        36          0          0          0          0         68   memcpya.o
        36          0          0          0          0        108   memseta.o
      2300         84          0          0          0        524   printfa.o
        14          0          0          0          0         68   strlen.o
        44          0          0          0          0         80   uidiv.o
        98          0          0          0          0         92   uldiv.o
        48          0          0          0          0         68   cdrcmple.o
       334          0          0          0          0        148   dadd.o
       222          0          0          0          0        100   ddiv.o
       186          0          0          0          0        176   depilogue.o
        48          0          0          0          0         68   dfixul.o
       228          0          0          0          0         96   dmul.o
        38          0          0          0          0         68   f2d.o

    ----------------------------------------------------------------------
      3928        102          0          0          0       2020   Library Totals
         2          0          0          0          0          0   (incl. Padding)

    ----------------------------------------------------------------------

      Code (inc. data)   RO Data    RW Data    ZI Data      Debug   Library Name

      2822        102          0          0          0       1296   mc_w.l
      1104          0          0          0          0        724   mf_w.l

    ----------------------------------------------------------------------
      3928        102          0          0          0       2020   Library Totals

    ----------------------------------------------------------------------

==============================================================================


      Code (inc. data)   RO Data    RW Data    ZI Data      Debug   

     15916        166        472         16       1808     387786   Grand Totals
     15916        166        472         16       1808     387786   ELF Image Totals
     15916        166        472         16          0          0   ROM Totals

==============================================================================

    Total RO  Size (Code + RO Data)                16388 (  16.00kB)
    Total RW  Size (RW Data + ZI Data)              1824 (   1.78kB)
    Total ROM Size (Code + RO Data + RW Data)      16404 (  16.02kB)

==============================================================================

